<?xml version="1.0" encoding="ISO-8859-1" ?>
<link_info>
   <banner>TI ARM Clang Linker PC v4.0.4.LTS</banner>
   <copyright>Copyright (c) 1996-2018 Texas Instruments Incorporated</copyright>
   <command_line>D:\TMX_ENVSET\ccs\tools\compiler\ti-cgt-armllvm_4.0.4.LTS\bin\tiarmlnk -ID:\TMX_ENVSET\ccs\tools\compiler\ti-cgt-armllvm_4.0.4.LTS\lib -o DIANSAI_26.out -mDIANSAI_26.map -iD:/TMX_ENVSET/mspm0_sdk_2_11_00_07/source -iE:/DIANSAI resources/26DIANSAI/DIANSAI_26 -iE:/DIANSAI resources/26DIANSAI/DIANSAI_26/Debug/syscfg -iD:/TMX_ENVSET/ccs/tools/compiler/ti-cgt-armllvm_4.0.4.LTS/lib --diag_wrap=off --display_error_number --warn_sections --xml_link_info=DIANSAI_26_linkInfo.xml --rom_model ./delay.o ./empty.o ./ti_msp_dl_config.o ./startup_mspm0g350x_ticlang.o ./encoder.o ./imu601.o ./line_follow.o ./motor.o ./oled.o ./pid.o ./sensor.o ./uart.o -l./device_linker.cmd -ldevice.cmd.genlibs -llibc.a --start-group -llibc++.a -llibc++abi.a -llibc.a -llibsys.a -llibsysbm.a -llibclang_rt.builtins.a -llibclang_rt.profile.a --end-group --cg_opt_level=2</command_line>
   <link_time>0x6a635fd1</link_time>
   <link_errors>0x0</link_errors>
   <output_file>E:\DIANSAI resources\26DIANSAI\DIANSAI_26\Debug\DIANSAI_26.out</output_file>
   <entry_point>
      <name>_c_int00_noargs</name>
      <address>0x7c7d</address>
   </entry_point>
   <input_file_list>
      <input_file id="fl-1">
         <path>E:\DIANSAI resources\26DIANSAI\DIANSAI_26\Debug\.\</path>
         <kind>object</kind>
         <file>delay.o</file>
         <name>delay.o</name>
      </input_file>
      <input_file id="fl-2">
         <path>E:\DIANSAI resources\26DIANSAI\DIANSAI_26\Debug\.\</path>
         <kind>object</kind>
         <file>empty.o</file>
         <name>empty.o</name>
      </input_file>
      <input_file id="fl-3">
         <path>E:\DIANSAI resources\26DIANSAI\DIANSAI_26\Debug\.\</path>
         <kind>object</kind>
         <file>ti_msp_dl_config.o</file>
         <name>ti_msp_dl_config.o</name>
      </input_file>
      <input_file id="fl-4">
         <path>E:\DIANSAI resources\26DIANSAI\DIANSAI_26\Debug\.\</path>
         <kind>object</kind>
         <file>startup_mspm0g350x_ticlang.o</file>
         <name>startup_mspm0g350x_ticlang.o</name>
      </input_file>
      <input_file id="fl-5">
         <path>E:\DIANSAI resources\26DIANSAI\DIANSAI_26\Debug\.\</path>
         <kind>object</kind>
         <file>encoder.o</file>
         <name>encoder.o</name>
      </input_file>
      <input_file id="fl-6">
         <path>E:\DIANSAI resources\26DIANSAI\DIANSAI_26\Debug\.\</path>
         <kind>object</kind>
         <file>imu601.o</file>
         <name>imu601.o</name>
      </input_file>
      <input_file id="fl-7">
         <path>E:\DIANSAI resources\26DIANSAI\DIANSAI_26\Debug\.\</path>
         <kind>object</kind>
         <file>line_follow.o</file>
         <name>line_follow.o</name>
      </input_file>
      <input_file id="fl-8">
         <path>E:\DIANSAI resources\26DIANSAI\DIANSAI_26\Debug\.\</path>
         <kind>object</kind>
         <file>motor.o</file>
         <name>motor.o</name>
      </input_file>
      <input_file id="fl-9">
         <path>E:\DIANSAI resources\26DIANSAI\DIANSAI_26\Debug\.\</path>
         <kind>object</kind>
         <file>oled.o</file>
         <name>oled.o</name>
      </input_file>
      <input_file id="fl-a">
         <path>E:\DIANSAI resources\26DIANSAI\DIANSAI_26\Debug\.\</path>
         <kind>object</kind>
         <file>pid.o</file>
         <name>pid.o</name>
      </input_file>
      <input_file id="fl-b">
         <path>E:\DIANSAI resources\26DIANSAI\DIANSAI_26\Debug\.\</path>
         <kind>object</kind>
         <file>sensor.o</file>
         <name>sensor.o</name>
      </input_file>
      <input_file id="fl-c">
         <path>E:\DIANSAI resources\26DIANSAI\DIANSAI_26\Debug\.\</path>
         <kind>object</kind>
         <file>uart.o</file>
         <name>uart.o</name>
      </input_file>
      <input_file id="fl-19">
         <path>E:\DIANSAI resources\26DIANSAI\DIANSAI_26\Debug\</path>
         <kind>object</kind>
         <file>&lt;internal&gt;</file>
         <name>&lt;internal&gt;</name>
      </input_file>
      <input_file id="fl-1a">
         <path>D:\TMX_ENVSET\mspm0_sdk_2_11_00_07\source\ti\driverlib\lib\ticlang\m0p\mspm0g1x0x_g3x0x\</path>
         <kind>archive</kind>
         <file>driverlib.a</file>
         <name>dl_common.o</name>
      </input_file>
      <input_file id="fl-1b">
         <path>D:\TMX_ENVSET\mspm0_sdk_2_11_00_07\source\ti\driverlib\lib\ticlang\m0p\mspm0g1x0x_g3x0x\</path>
         <kind>archive</kind>
         <file>driverlib.a</file>
         <name>dl_i2c.o</name>
      </input_file>
      <input_file id="fl-1c">
         <path>D:\TMX_ENVSET\mspm0_sdk_2_11_00_07\source\ti\driverlib\lib\ticlang\m0p\mspm0g1x0x_g3x0x\</path>
         <kind>archive</kind>
         <file>driverlib.a</file>
         <name>dl_timer.o</name>
      </input_file>
      <input_file id="fl-1d">
         <path>D:\TMX_ENVSET\mspm0_sdk_2_11_00_07\source\ti\driverlib\lib\ticlang\m0p\mspm0g1x0x_g3x0x\</path>
         <kind>archive</kind>
         <file>driverlib.a</file>
         <name>dl_uart.o</name>
      </input_file>
      <input_file id="fl-34">
         <path>D:\TMX_ENVSET\ccs\tools\compiler\ti-cgt-armllvm_4.0.4.LTS\lib\armv6m-ti-none-eabi\c\</path>
         <kind>archive</kind>
         <file>libc.a</file>
         <name>sprintf.c.obj</name>
      </input_file>
      <input_file id="fl-35">
         <path>D:\TMX_ENVSET\ccs\tools\compiler\ti-cgt-armllvm_4.0.4.LTS\lib\armv6m-ti-none-eabi\c\</path>
         <kind>archive</kind>
         <file>libc.a</file>
         <name>boot_cortex_m.c.obj</name>
      </input_file>
      <input_file id="fl-36">
         <path>D:\TMX_ENVSET\ccs\tools\compiler\ti-cgt-armllvm_4.0.4.LTS\lib\armv6m-ti-none-eabi\c\</path>
         <kind>archive</kind>
         <file>libc.a</file>
         <name>mathacl_init.c.obj</name>
      </input_file>
      <input_file id="fl-37">
         <path>D:\TMX_ENVSET\ccs\tools\compiler\ti-cgt-armllvm_4.0.4.LTS\lib\armv6m-ti-none-eabi\c\</path>
         <kind>archive</kind>
         <file>libc.a</file>
         <name>autoinit.c.obj</name>
      </input_file>
      <input_file id="fl-38">
         <path>D:\TMX_ENVSET\ccs\tools\compiler\ti-cgt-armllvm_4.0.4.LTS\lib\armv6m-ti-none-eabi\c\</path>
         <kind>archive</kind>
         <file>libc.a</file>
         <name>pre_init.c.obj</name>
      </input_file>
      <input_file id="fl-39">
         <path>D:\TMX_ENVSET\ccs\tools\compiler\ti-cgt-armllvm_4.0.4.LTS\lib\armv6m-ti-none-eabi\c\</path>
         <kind>archive</kind>
         <file>libc.a</file>
         <name>cpy_tbl.c.obj</name>
      </input_file>
      <input_file id="fl-3a">
         <path>D:\TMX_ENVSET\ccs\tools\compiler\ti-cgt-armllvm_4.0.4.LTS\lib\armv6m-ti-none-eabi\c\</path>
         <kind>archive</kind>
         <file>libc.a</file>
         <name>copy_zero_init.c.obj</name>
      </input_file>
      <input_file id="fl-3b">
         <path>D:\TMX_ENVSET\ccs\tools\compiler\ti-cgt-armllvm_4.0.4.LTS\lib\armv6m-ti-none-eabi\c\</path>
         <kind>archive</kind>
         <file>libc.a</file>
         <name>copy_decompress_none.c.obj</name>
      </input_file>
      <input_file id="fl-3c">
         <path>D:\TMX_ENVSET\ccs\tools\compiler\ti-cgt-armllvm_4.0.4.LTS\lib\armv6m-ti-none-eabi\c\</path>
         <kind>archive</kind>
         <file>libc.a</file>
         <name>copy_decompress_lzss.c.obj</name>
      </input_file>
      <input_file id="fl-3d">
         <path>D:\TMX_ENVSET\ccs\tools\compiler\ti-cgt-armllvm_4.0.4.LTS\lib\armv6m-ti-none-eabi\c\</path>
         <kind>archive</kind>
         <file>libc.a</file>
         <name>_printfi.c.obj</name>
      </input_file>
      <input_file id="fl-3e">
         <path>D:\TMX_ENVSET\ccs\tools\compiler\ti-cgt-armllvm_4.0.4.LTS\lib\armv6m-ti-none-eabi\c\</path>
         <kind>archive</kind>
         <file>libc.a</file>
         <name>aeabi_portable.c.obj</name>
      </input_file>
      <input_file id="fl-3f">
         <path>D:\TMX_ENVSET\ccs\tools\compiler\ti-cgt-armllvm_4.0.4.LTS\lib\armv6m-ti-none-eabi\c\</path>
         <kind>archive</kind>
         <file>libc.a</file>
         <name>exit.c.obj</name>
      </input_file>
      <input_file id="fl-40">
         <path>D:\TMX_ENVSET\ccs\tools\compiler\ti-cgt-armllvm_4.0.4.LTS\lib\armv6m-ti-none-eabi\c\</path>
         <kind>archive</kind>
         <file>libc.a</file>
         <name>_lock.c.obj</name>
      </input_file>
      <input_file id="fl-41">
         <path>D:\TMX_ENVSET\ccs\tools\compiler\ti-cgt-armllvm_4.0.4.LTS\lib\armv6m-ti-none-eabi\c\</path>
         <kind>archive</kind>
         <file>libc.a</file>
         <name>_ltoa.c.obj</name>
      </input_file>
      <input_file id="fl-42">
         <path>D:\TMX_ENVSET\ccs\tools\compiler\ti-cgt-armllvm_4.0.4.LTS\lib\armv6m-ti-none-eabi\c\</path>
         <kind>archive</kind>
         <file>libc.a</file>
         <name>args_main.c.obj</name>
      </input_file>
      <input_file id="fl-43">
         <path>D:\TMX_ENVSET\ccs\tools\compiler\ti-cgt-armllvm_4.0.4.LTS\lib\armv6m-ti-none-eabi\c\</path>
         <kind>archive</kind>
         <file>libc.a</file>
         <name>assert.c.obj</name>
      </input_file>
      <input_file id="fl-44">
         <path>D:\TMX_ENVSET\ccs\tools\compiler\ti-cgt-armllvm_4.0.4.LTS\lib\armv6m-ti-none-eabi\c\</path>
         <kind>archive</kind>
         <file>libc.a</file>
         <name>atoi.c.obj</name>
      </input_file>
      <input_file id="fl-45">
         <path>D:\TMX_ENVSET\ccs\tools\compiler\ti-cgt-armllvm_4.0.4.LTS\lib\armv6m-ti-none-eabi\c\</path>
         <kind>archive</kind>
         <file>libc.a</file>
         <name>defs.c.obj</name>
      </input_file>
      <input_file id="fl-46">
         <path>D:\TMX_ENVSET\ccs\tools\compiler\ti-cgt-armllvm_4.0.4.LTS\lib\armv6m-ti-none-eabi\c\</path>
         <kind>archive</kind>
         <file>libc.a</file>
         <name>memccpy.c.obj</name>
      </input_file>
      <input_file id="fl-47">
         <path>D:\TMX_ENVSET\ccs\tools\compiler\ti-cgt-armllvm_4.0.4.LTS\lib\armv6m-ti-none-eabi\c\</path>
         <kind>archive</kind>
         <file>libc.a</file>
         <name>memory.c.obj</name>
      </input_file>
      <input_file id="fl-48">
         <path>D:\TMX_ENVSET\ccs\tools\compiler\ti-cgt-armllvm_4.0.4.LTS\lib\armv6m-ti-none-eabi\c\</path>
         <kind>archive</kind>
         <file>libc.a</file>
         <name>s_frexp.c.obj</name>
      </input_file>
      <input_file id="fl-49">
         <path>D:\TMX_ENVSET\ccs\tools\compiler\ti-cgt-armllvm_4.0.4.LTS\lib\armv6m-ti-none-eabi\c\</path>
         <kind>archive</kind>
         <file>libc.a</file>
         <name>s_scalbn.c.obj</name>
      </input_file>
      <input_file id="fl-4a">
         <path>D:\TMX_ENVSET\ccs\tools\compiler\ti-cgt-armllvm_4.0.4.LTS\lib\armv6m-ti-none-eabi\c\</path>
         <kind>archive</kind>
         <file>libc.a</file>
         <name>wcslen.c.obj</name>
      </input_file>
      <input_file id="fl-4b">
         <path>D:\TMX_ENVSET\ccs\tools\compiler\ti-cgt-armllvm_4.0.4.LTS\lib\armv6m-ti-none-eabi\c\</path>
         <kind>archive</kind>
         <file>libc.a</file>
         <name>fflush.c.obj</name>
      </input_file>
      <input_file id="fl-4c">
         <path>D:\TMX_ENVSET\ccs\tools\compiler\ti-cgt-armllvm_4.0.4.LTS\lib\armv6m-ti-none-eabi\c\</path>
         <kind>archive</kind>
         <file>libc.a</file>
         <name>fputs.c.obj</name>
      </input_file>
      <input_file id="fl-4d">
         <path>D:\TMX_ENVSET\ccs\tools\compiler\ti-cgt-armllvm_4.0.4.LTS\lib\armv6m-ti-none-eabi\c\</path>
         <kind>archive</kind>
         <file>libc.a</file>
         <name>_io_perm.c.obj</name>
      </input_file>
      <input_file id="fl-4e">
         <path>D:\TMX_ENVSET\ccs\tools\compiler\ti-cgt-armllvm_4.0.4.LTS\lib\armv6m-ti-none-eabi\c\</path>
         <kind>archive</kind>
         <file>libc.a</file>
         <name>setvbuf.c.obj</name>
      </input_file>
      <input_file id="fl-4f">
         <path>D:\TMX_ENVSET\ccs\tools\compiler\ti-cgt-armllvm_4.0.4.LTS\lib\armv6m-ti-none-eabi\c\</path>
         <kind>archive</kind>
         <file>libc.a</file>
         <name>aeabi_ctype.S.obj</name>
      </input_file>
      <input_file id="fl-50">
         <path>D:\TMX_ENVSET\ccs\tools\compiler\ti-cgt-armllvm_4.0.4.LTS\lib\armv6m-ti-none-eabi\c\</path>
         <kind>archive</kind>
         <file>libc.a</file>
         <name>fopen.c.obj</name>
      </input_file>
      <input_file id="fl-51">
         <path>D:\TMX_ENVSET\ccs\tools\compiler\ti-cgt-armllvm_4.0.4.LTS\lib\armv6m-ti-none-eabi\c\</path>
         <kind>archive</kind>
         <file>libc.a</file>
         <name>fseek.c.obj</name>
      </input_file>
      <input_file id="fl-52">
         <path>D:\TMX_ENVSET\ccs\tools\compiler\ti-cgt-armllvm_4.0.4.LTS\lib\armv6m-ti-none-eabi\c\</path>
         <kind>archive</kind>
         <file>libc.a</file>
         <name>fclose.c.obj</name>
      </input_file>
      <input_file id="fl-f2">
         <path>D:\TMX_ENVSET\ccs\tools\compiler\ti-cgt-armllvm_4.0.4.LTS\lib\armv6m-ti-none-eabi\c\</path>
         <kind>archive</kind>
         <file>libsysbm.a</file>
         <name>hostexit.c.obj</name>
      </input_file>
      <input_file id="fl-f3">
         <path>D:\TMX_ENVSET\ccs\tools\compiler\ti-cgt-armllvm_4.0.4.LTS\lib\armv6m-ti-none-eabi\c\</path>
         <kind>archive</kind>
         <file>libsysbm.a</file>
         <name>write.c.obj</name>
      </input_file>
      <input_file id="fl-f4">
         <path>D:\TMX_ENVSET\ccs\tools\compiler\ti-cgt-armllvm_4.0.4.LTS\lib\armv6m-ti-none-eabi\c\</path>
         <kind>archive</kind>
         <file>libsysbm.a</file>
         <name>host_device.c.obj</name>
      </input_file>
      <input_file id="fl-f5">
         <path>D:\TMX_ENVSET\ccs\tools\compiler\ti-cgt-armllvm_4.0.4.LTS\lib\armv6m-ti-none-eabi\c\</path>
         <kind>archive</kind>
         <file>libsysbm.a</file>
         <name>remove.c.obj</name>
      </input_file>
      <input_file id="fl-f6">
         <path>D:\TMX_ENVSET\ccs\tools\compiler\ti-cgt-armllvm_4.0.4.LTS\lib\armv6m-ti-none-eabi\c\</path>
         <kind>archive</kind>
         <file>libsysbm.a</file>
         <name>open.c.obj</name>
      </input_file>
      <input_file id="fl-f7">
         <path>D:\TMX_ENVSET\ccs\tools\compiler\ti-cgt-armllvm_4.0.4.LTS\lib\armv6m-ti-none-eabi\c\</path>
         <kind>archive</kind>
         <file>libsysbm.a</file>
         <name>lseek.c.obj</name>
      </input_file>
      <input_file id="fl-f8">
         <path>D:\TMX_ENVSET\ccs\tools\compiler\ti-cgt-armllvm_4.0.4.LTS\lib\armv6m-ti-none-eabi\c\</path>
         <kind>archive</kind>
         <file>libsysbm.a</file>
         <name>close.c.obj</name>
      </input_file>
      <input_file id="fl-f9">
         <path>D:\TMX_ENVSET\ccs\tools\compiler\ti-cgt-armllvm_4.0.4.LTS\lib\armv6m-ti-none-eabi\c\</path>
         <kind>archive</kind>
         <file>libsysbm.a</file>
         <name>unlink.c.obj</name>
      </input_file>
      <input_file id="fl-fa">
         <path>D:\TMX_ENVSET\ccs\tools\compiler\ti-cgt-armllvm_4.0.4.LTS\lib\armv6m-ti-none-eabi\c\</path>
         <kind>archive</kind>
         <file>libsysbm.a</file>
         <name>hostclose.c.obj</name>
      </input_file>
      <input_file id="fl-fb">
         <path>D:\TMX_ENVSET\ccs\tools\compiler\ti-cgt-armllvm_4.0.4.LTS\lib\armv6m-ti-none-eabi\c\</path>
         <kind>archive</kind>
         <file>libsysbm.a</file>
         <name>hostlseek.c.obj</name>
      </input_file>
      <input_file id="fl-fc">
         <path>D:\TMX_ENVSET\ccs\tools\compiler\ti-cgt-armllvm_4.0.4.LTS\lib\armv6m-ti-none-eabi\c\</path>
         <kind>archive</kind>
         <file>libsysbm.a</file>
         <name>hostopen.c.obj</name>
      </input_file>
      <input_file id="fl-fd">
         <path>D:\TMX_ENVSET\ccs\tools\compiler\ti-cgt-armllvm_4.0.4.LTS\lib\armv6m-ti-none-eabi\c\</path>
         <kind>archive</kind>
         <file>libsysbm.a</file>
         <name>hostread.c.obj</name>
      </input_file>
      <input_file id="fl-fe">
         <path>D:\TMX_ENVSET\ccs\tools\compiler\ti-cgt-armllvm_4.0.4.LTS\lib\armv6m-ti-none-eabi\c\</path>
         <kind>archive</kind>
         <file>libsysbm.a</file>
         <name>hostrename.c.obj</name>
      </input_file>
      <input_file id="fl-ff">
         <path>D:\TMX_ENVSET\ccs\tools\compiler\ti-cgt-armllvm_4.0.4.LTS\lib\armv6m-ti-none-eabi\c\</path>
         <kind>archive</kind>
         <file>libsysbm.a</file>
         <name>hostunlink.c.obj</name>
      </input_file>
      <input_file id="fl-100">
         <path>D:\TMX_ENVSET\ccs\tools\compiler\ti-cgt-armllvm_4.0.4.LTS\lib\armv6m-ti-none-eabi\c\</path>
         <kind>archive</kind>
         <file>libsysbm.a</file>
         <name>hostwrite.c.obj</name>
      </input_file>
      <input_file id="fl-101">
         <path>D:\TMX_ENVSET\ccs\tools\compiler\ti-cgt-armllvm_4.0.4.LTS\lib\armv6m-ti-none-eabi\c\</path>
         <kind>archive</kind>
         <file>libsysbm.a</file>
         <name>trgmsg.c.obj</name>
      </input_file>
      <input_file id="fl-102">
         <path>D:\TMX_ENVSET\ccs\tools\compiler\ti-cgt-armllvm_4.0.4.LTS\lib\armv6m-ti-none-eabi\</path>
         <kind>archive</kind>
         <file>libclang_rt.builtins.a</file>
         <name>addsf3.S.obj</name>
      </input_file>
      <input_file id="fl-103">
         <path>D:\TMX_ENVSET\ccs\tools\compiler\ti-cgt-armllvm_4.0.4.LTS\lib\armv6m-ti-none-eabi\</path>
         <kind>archive</kind>
         <file>libclang_rt.builtins.a</file>
         <name>adddf3.S.obj</name>
      </input_file>
      <input_file id="fl-104">
         <path>D:\TMX_ENVSET\ccs\tools\compiler\ti-cgt-armllvm_4.0.4.LTS\lib\armv6m-ti-none-eabi\</path>
         <kind>archive</kind>
         <file>libclang_rt.builtins.a</file>
         <name>muldf3.S.obj</name>
      </input_file>
      <input_file id="fl-105">
         <path>D:\TMX_ENVSET\ccs\tools\compiler\ti-cgt-armllvm_4.0.4.LTS\lib\armv6m-ti-none-eabi\</path>
         <kind>archive</kind>
         <file>libclang_rt.builtins.a</file>
         <name>muldsi3.S.obj</name>
      </input_file>
      <input_file id="fl-106">
         <path>D:\TMX_ENVSET\ccs\tools\compiler\ti-cgt-armllvm_4.0.4.LTS\lib\armv6m-ti-none-eabi\</path>
         <kind>archive</kind>
         <file>libclang_rt.builtins.a</file>
         <name>mulsf3.S.obj</name>
      </input_file>
      <input_file id="fl-107">
         <path>D:\TMX_ENVSET\ccs\tools\compiler\ti-cgt-armllvm_4.0.4.LTS\lib\armv6m-ti-none-eabi\</path>
         <kind>archive</kind>
         <file>libclang_rt.builtins.a</file>
         <name>divsf3.S.obj</name>
      </input_file>
      <input_file id="fl-108">
         <path>D:\TMX_ENVSET\ccs\tools\compiler\ti-cgt-armllvm_4.0.4.LTS\lib\armv6m-ti-none-eabi\</path>
         <kind>archive</kind>
         <file>libclang_rt.builtins.a</file>
         <name>divdf3.S.obj</name>
      </input_file>
      <input_file id="fl-109">
         <path>D:\TMX_ENVSET\ccs\tools\compiler\ti-cgt-armllvm_4.0.4.LTS\lib\armv6m-ti-none-eabi\</path>
         <kind>archive</kind>
         <file>libclang_rt.builtins.a</file>
         <name>extendsfdf2.S.obj</name>
      </input_file>
      <input_file id="fl-10a">
         <path>D:\TMX_ENVSET\ccs\tools\compiler\ti-cgt-armllvm_4.0.4.LTS\lib\armv6m-ti-none-eabi\</path>
         <kind>archive</kind>
         <file>libclang_rt.builtins.a</file>
         <name>fixdfsi.S.obj</name>
      </input_file>
      <input_file id="fl-10b">
         <path>D:\TMX_ENVSET\ccs\tools\compiler\ti-cgt-armllvm_4.0.4.LTS\lib\armv6m-ti-none-eabi\</path>
         <kind>archive</kind>
         <file>libclang_rt.builtins.a</file>
         <name>fixsfsi.S.obj</name>
      </input_file>
      <input_file id="fl-10c">
         <path>D:\TMX_ENVSET\ccs\tools\compiler\ti-cgt-armllvm_4.0.4.LTS\lib\armv6m-ti-none-eabi\</path>
         <kind>archive</kind>
         <file>libclang_rt.builtins.a</file>
         <name>floatsidf.S.obj</name>
      </input_file>
      <input_file id="fl-10d">
         <path>D:\TMX_ENVSET\ccs\tools\compiler\ti-cgt-armllvm_4.0.4.LTS\lib\armv6m-ti-none-eabi\</path>
         <kind>archive</kind>
         <file>libclang_rt.builtins.a</file>
         <name>floatsisf.S.obj</name>
      </input_file>
      <input_file id="fl-10e">
         <path>D:\TMX_ENVSET\ccs\tools\compiler\ti-cgt-armllvm_4.0.4.LTS\lib\armv6m-ti-none-eabi\</path>
         <kind>archive</kind>
         <file>libclang_rt.builtins.a</file>
         <name>floatunsisf.S.obj</name>
      </input_file>
      <input_file id="fl-10f">
         <path>D:\TMX_ENVSET\ccs\tools\compiler\ti-cgt-armllvm_4.0.4.LTS\lib\armv6m-ti-none-eabi\</path>
         <kind>archive</kind>
         <file>libclang_rt.builtins.a</file>
         <name>muldi3.S.obj</name>
      </input_file>
      <input_file id="fl-110">
         <path>D:\TMX_ENVSET\ccs\tools\compiler\ti-cgt-armllvm_4.0.4.LTS\lib\armv6m-ti-none-eabi\</path>
         <kind>archive</kind>
         <file>libclang_rt.builtins.a</file>
         <name>aeabi_dcmp.S.obj</name>
      </input_file>
      <input_file id="fl-111">
         <path>D:\TMX_ENVSET\ccs\tools\compiler\ti-cgt-armllvm_4.0.4.LTS\lib\armv6m-ti-none-eabi\</path>
         <kind>archive</kind>
         <file>libclang_rt.builtins.a</file>
         <name>aeabi_fcmp.S.obj</name>
      </input_file>
      <input_file id="fl-112">
         <path>D:\TMX_ENVSET\ccs\tools\compiler\ti-cgt-armllvm_4.0.4.LTS\lib\armv6m-ti-none-eabi\</path>
         <kind>archive</kind>
         <file>libclang_rt.builtins.a</file>
         <name>aeabi_idivmod.S.obj</name>
      </input_file>
      <input_file id="fl-113">
         <path>D:\TMX_ENVSET\ccs\tools\compiler\ti-cgt-armllvm_4.0.4.LTS\lib\armv6m-ti-none-eabi\</path>
         <kind>archive</kind>
         <file>libclang_rt.builtins.a</file>
         <name>aeabi_memcpy.S.obj</name>
      </input_file>
      <input_file id="fl-114">
         <path>D:\TMX_ENVSET\ccs\tools\compiler\ti-cgt-armllvm_4.0.4.LTS\lib\armv6m-ti-none-eabi\</path>
         <kind>archive</kind>
         <file>libclang_rt.builtins.a</file>
         <name>aeabi_memset.S.obj</name>
      </input_file>
      <input_file id="fl-115">
         <path>D:\TMX_ENVSET\ccs\tools\compiler\ti-cgt-armllvm_4.0.4.LTS\lib\armv6m-ti-none-eabi\</path>
         <kind>archive</kind>
         <file>libclang_rt.builtins.a</file>
         <name>aeabi_uidivmod.S.obj</name>
      </input_file>
      <input_file id="fl-116">
         <path>D:\TMX_ENVSET\ccs\tools\compiler\ti-cgt-armllvm_4.0.4.LTS\lib\armv6m-ti-none-eabi\</path>
         <kind>archive</kind>
         <file>libclang_rt.builtins.a</file>
         <name>aeabi_uldivmod.S.obj</name>
      </input_file>
      <input_file id="fl-117">
         <path>D:\TMX_ENVSET\ccs\tools\compiler\ti-cgt-armllvm_4.0.4.LTS\lib\armv6m-ti-none-eabi\</path>
         <kind>archive</kind>
         <file>libclang_rt.builtins.a</file>
         <name>comparesf2.S.obj</name>
      </input_file>
      <input_file id="fl-118">
         <path>D:\TMX_ENVSET\ccs\tools\compiler\ti-cgt-armllvm_4.0.4.LTS\lib\armv6m-ti-none-eabi\</path>
         <kind>archive</kind>
         <file>libclang_rt.builtins.a</file>
         <name>udivmoddi4.S.obj</name>
      </input_file>
      <input_file id="fl-119">
         <path>D:\TMX_ENVSET\ccs\tools\compiler\ti-cgt-armllvm_4.0.4.LTS\lib\armv6m-ti-none-eabi\</path>
         <kind>archive</kind>
         <file>libclang_rt.builtins.a</file>
         <name>ashldi3.S.obj</name>
      </input_file>
      <input_file id="fl-11a">
         <path>D:\TMX_ENVSET\ccs\tools\compiler\ti-cgt-armllvm_4.0.4.LTS\lib\armv6m-ti-none-eabi\</path>
         <kind>archive</kind>
         <file>libclang_rt.builtins.a</file>
         <name>comparedf2.c.obj</name>
      </input_file>
      <input_file id="fl-11b">
         <path>D:\TMX_ENVSET\ccs\tools\compiler\ti-cgt-armllvm_4.0.4.LTS\lib\armv6m-ti-none-eabi\</path>
         <kind>archive</kind>
         <file>libclang_rt.builtins.a</file>
         <name>aeabi_div0.c.obj</name>
      </input_file>
      <input_file id="fl-11c">
         <path>D:\TMX_ENVSET\ccs\tools\compiler\ti-cgt-armllvm_4.0.4.LTS\lib\armv6m-ti-none-eabi\c\</path>
         <kind>archive</kind>
         <file>libc.a</file>
         <name>getdevice.c.obj</name>
      </input_file>
      <input_file id="fl-11d">
         <path>D:\TMX_ENVSET\ccs\tools\compiler\ti-cgt-armllvm_4.0.4.LTS\lib\armv6m-ti-none-eabi\c\</path>
         <kind>archive</kind>
         <file>libc.a</file>
         <name>memcpy16.S.obj</name>
      </input_file>
      <input_file id="fl-11e">
         <path>D:\TMX_ENVSET\ccs\tools\compiler\ti-cgt-armllvm_4.0.4.LTS\lib\armv6m-ti-none-eabi\c\</path>
         <kind>archive</kind>
         <file>libc.a</file>
         <name>memset16.S.obj</name>
      </input_file>
      <input_file id="fl-11f">
         <path>D:\TMX_ENVSET\ccs\tools\compiler\ti-cgt-armllvm_4.0.4.LTS\lib\armv6m-ti-none-eabi\c\</path>
         <kind>archive</kind>
         <file>libc.a</file>
         <name>strcmp-armv6m.S.obj</name>
      </input_file>
   </input_file_list>
   <object_component_list>
      <object_component id="oc-18">
         <name>.intvecs</name>
         <load_address>0x0</load_address>
         <readonly>true</readonly>
         <run_address>0x0</run_address>
         <size>0xc0</size>
         <alignment>0x4</alignment>
         <input_file_ref idref="fl-4"/>
      </object_component>
      <object_component id="oc-f0">
         <name>.text.OLED_Init</name>
         <load_address>0xc0</load_address>
         <readonly>true</readonly>
         <executable>true</executable>
         <run_address>0xc0</run_address>
         <size>0x3698</size>
         <alignment>0x4</alignment>
         <input_file_ref idref="fl-9"/>
      </object_component>
      <object_component id="oc-f6">
         <name>.text.OLED_Clear</name>
         <load_address>0x3758</load_address>
         <readonly>true</readonly>
         <executable>true</executable>
         <run_address>0x3758</run_address>
         <size>0xa90</size>
         <alignment>0x4</alignment>
         <input_file_ref idref="fl-9"/>
      </object_component>
      <object_component id="oc-1bf">
         <name>.text:__TI_printfi</name>
         <load_address>0x41e8</load_address>
         <readonly>true</readonly>
         <executable>true</executable>
         <run_address>0x41e8</run_address>
         <size>0x9d0</size>
         <alignment>0x4</alignment>
         <input_file_ref idref="fl-3d"/>
      </object_component>
      <object_component id="oc-f8">
         <name>.text.OLED_Refresh</name>
         <load_address>0x4bb8</load_address>
         <readonly>true</readonly>
         <executable>true</executable>
         <run_address>0x4bb8</run_address>
         <size>0x614</size>
         <alignment>0x4</alignment>
         <input_file_ref idref="fl-9"/>
      </object_component>
      <object_component id="oc-6a">
         <name>.text.IMU601_handle_byte</name>
         <load_address>0x51cc</load_address>
         <readonly>true</readonly>
         <executable>true</executable>
         <run_address>0x51cc</run_address>
         <size>0x388</size>
         <alignment>0x4</alignment>
         <input_file_ref idref="fl-6"/>
      </object_component>
      <object_component id="oc-f7">
         <name>.text.OLED_ShowLineString</name>
         <load_address>0x5554</load_address>
         <readonly>true</readonly>
         <executable>true</executable>
         <run_address>0x5554</run_address>
         <size>0x340</size>
         <alignment>0x4</alignment>
         <input_file_ref idref="fl-9"/>
      </object_component>
      <object_component id="oc-1ea">
         <name>.text._pconv_a</name>
         <load_address>0x5894</load_address>
         <readonly>true</readonly>
         <executable>true</executable>
         <run_address>0x5894</run_address>
         <size>0x220</size>
         <alignment>0x4</alignment>
         <input_file_ref idref="fl-3d"/>
      </object_component>
      <object_component id="oc-1ef">
         <name>.text._pconv_g</name>
         <load_address>0x5ab4</load_address>
         <readonly>true</readonly>
         <executable>true</executable>
         <run_address>0x5ab4</run_address>
         <size>0x1dc</size>
         <alignment>0x4</alignment>
         <input_file_ref idref="fl-3d"/>
      </object_component>
      <object_component id="oc-22f">
         <name>.text.adddf3_subdf3</name>
         <load_address>0x5c90</load_address>
         <readonly>true</readonly>
         <executable>true</executable>
         <run_address>0x5c90</run_address>
         <size>0x192</size>
         <alignment>0x4</alignment>
         <input_file_ref idref="fl-103"/>
      </object_component>
      <object_component id="oc-33">
         <name>.text.Default_Handler</name>
         <load_address>0x5e22</load_address>
         <readonly>true</readonly>
         <executable>true</executable>
         <run_address>0x5e22</run_address>
         <size>0x2</size>
         <alignment>0x2</alignment>
         <input_file_ref idref="fl-4"/>
      </object_component>
      <object_component id="oc-bc">
         <name>.text.Sensor_Get_Error</name>
         <load_address>0x5e24</load_address>
         <readonly>true</readonly>
         <executable>true</executable>
         <run_address>0x5e24</run_address>
         <size>0x180</size>
         <alignment>0x4</alignment>
         <input_file_ref idref="fl-b"/>
      </object_component>
      <object_component id="oc-233">
         <name>.text.fcvt</name>
         <load_address>0x5fa4</load_address>
         <readonly>true</readonly>
         <executable>true</executable>
         <run_address>0x5fa4</run_address>
         <size>0x13c</size>
         <alignment>0x4</alignment>
         <input_file_ref idref="fl-3d"/>
      </object_component>
      <object_component id="oc-1f1">
         <name>.text._pconv_e</name>
         <load_address>0x60e0</load_address>
         <readonly>true</readonly>
         <executable>true</executable>
         <run_address>0x60e0</run_address>
         <size>0x120</size>
         <alignment>0x4</alignment>
         <input_file_ref idref="fl-3d"/>
      </object_component>
      <object_component id="oc-6e">
         <name>.text.LineTrack_Loop_10ms</name>
         <load_address>0x6200</load_address>
         <readonly>true</readonly>
         <executable>true</executable>
         <run_address>0x6200</run_address>
         <size>0x10c</size>
         <alignment>0x4</alignment>
         <input_file_ref idref="fl-7"/>
      </object_component>
      <object_component id="oc-22b">
         <name>.text.__divdf3</name>
         <load_address>0x630c</load_address>
         <readonly>true</readonly>
         <executable>true</executable>
         <run_address>0x630c</run_address>
         <size>0x10c</size>
         <alignment>0x4</alignment>
         <input_file_ref idref="fl-108"/>
      </object_component>
      <object_component id="oc-83">
         <name>.text.main</name>
         <load_address>0x6418</load_address>
         <readonly>true</readonly>
         <executable>true</executable>
         <run_address>0x6418</run_address>
         <size>0x10c</size>
         <alignment>0x4</alignment>
         <input_file_ref idref="fl-2"/>
      </object_component>
      <object_component id="oc-1a0">
         <name>.text.DL_Timer_initFourCCPWMMode</name>
         <load_address>0x6524</load_address>
         <readonly>true</readonly>
         <executable>true</executable>
         <run_address>0x6524</run_address>
         <size>0x104</size>
         <alignment>0x4</alignment>
         <input_file_ref idref="fl-1c"/>
      </object_component>
      <object_component id="oc-1a5">
         <name>.text.DL_Timer_initTimerMode</name>
         <load_address>0x6628</load_address>
         <readonly>true</readonly>
         <executable>true</executable>
         <run_address>0x6628</run_address>
         <size>0xfc</size>
         <alignment>0x4</alignment>
         <input_file_ref idref="fl-1c"/>
      </object_component>
      <object_component id="oc-21b">
         <name>.text.__muldf3</name>
         <load_address>0x6724</load_address>
         <readonly>true</readonly>
         <executable>true</executable>
         <run_address>0x6724</run_address>
         <size>0xe4</size>
         <alignment>0x4</alignment>
         <input_file_ref idref="fl-104"/>
      </object_component>
      <object_component id="oc-155">
         <name>.text.SYSCFG_DL_GPIO_init</name>
         <load_address>0x6808</load_address>
         <readonly>true</readonly>
         <executable>true</executable>
         <run_address>0x6808</run_address>
         <size>0xd8</size>
         <alignment>0x4</alignment>
         <input_file_ref idref="fl-3"/>
      </object_component>
      <object_component id="oc-20a">
         <name>.text.scalbn</name>
         <load_address>0x68e0</load_address>
         <readonly>true</readonly>
         <executable>true</executable>
         <run_address>0x68e0</run_address>
         <size>0xd8</size>
         <alignment>0x4</alignment>
         <input_file_ref idref="fl-49"/>
      </object_component>
      <object_component id="oc-b8">
         <name>.text</name>
         <load_address>0x69b8</load_address>
         <readonly>true</readonly>
         <executable>true</executable>
         <run_address>0x69b8</run_address>
         <size>0xd8</size>
         <alignment>0x4</alignment>
         <input_file_ref idref="fl-102"/>
      </object_component>
      <object_component id="oc-c2">
         <name>.text.PID_Calc_Positional</name>
         <load_address>0x6a90</load_address>
         <readonly>true</readonly>
         <executable>true</executable>
         <run_address>0x6a90</run_address>
         <size>0xbc</size>
         <alignment>0x2</alignment>
         <input_file_ref idref="fl-a"/>
      </object_component>
      <object_component id="oc-fd">
         <name>.text.LineTrack_Init</name>
         <load_address>0x6b4c</load_address>
         <readonly>true</readonly>
         <executable>true</executable>
         <run_address>0x6b4c</run_address>
         <size>0xb8</size>
         <alignment>0x4</alignment>
         <input_file_ref idref="fl-7"/>
      </object_component>
      <object_component id="oc-201">
         <name>.text</name>
         <load_address>0x6c04</load_address>
         <readonly>true</readonly>
         <executable>true</executable>
         <run_address>0x6c04</run_address>
         <size>0xa2</size>
         <alignment>0x4</alignment>
         <input_file_ref idref="fl-118"/>
      </object_component>
      <object_component id="oc-e6">
         <name>.text:memcpy</name>
         <load_address>0x6ca6</load_address>
         <readonly>true</readonly>
         <executable>true</executable>
         <run_address>0x6ca6</run_address>
         <size>0x9a</size>
         <alignment>0x1</alignment>
         <input_file_ref idref="fl-11d"/>
      </object_component>
      <object_component id="oc-158">
         <name>.text.SYSCFG_DL_PWM_MOTOR_init</name>
         <load_address>0x6d40</load_address>
         <readonly>true</readonly>
         <executable>true</executable>
         <run_address>0x6d40</run_address>
         <size>0x8c</size>
         <alignment>0x4</alignment>
         <input_file_ref idref="fl-3"/>
      </object_component>
      <object_component id="oc-92">
         <name>.text.__mulsf3</name>
         <load_address>0x6dcc</load_address>
         <readonly>true</readonly>
         <executable>true</executable>
         <run_address>0x6dcc</run_address>
         <size>0x8c</size>
         <alignment>0x4</alignment>
         <input_file_ref idref="fl-106"/>
      </object_component>
      <object_component id="oc-34">
         <name>.text.GROUP1_IRQHandler</name>
         <load_address>0x6e58</load_address>
         <readonly>true</readonly>
         <executable>true</executable>
         <run_address>0x6e58</run_address>
         <size>0x88</size>
         <alignment>0x4</alignment>
         <input_file_ref idref="fl-5"/>
      </object_component>
      <object_component id="oc-175">
         <name>.text.UART_send_buffer</name>
         <load_address>0x6ee0</load_address>
         <readonly>true</readonly>
         <executable>true</executable>
         <run_address>0x6ee0</run_address>
         <size>0x84</size>
         <alignment>0x2</alignment>
         <input_file_ref idref="fl-c"/>
      </object_component>
      <object_component id="oc-9e">
         <name>.text.__divsf3</name>
         <load_address>0x6f64</load_address>
         <readonly>true</readonly>
         <executable>true</executable>
         <run_address>0x6f64</run_address>
         <size>0x82</size>
         <alignment>0x4</alignment>
         <input_file_ref idref="fl-107"/>
      </object_component>
      <object_component id="oc-12f">
         <name>.text.__aeabi_idiv0</name>
         <load_address>0x6fe6</load_address>
         <readonly>true</readonly>
         <executable>true</executable>
         <run_address>0x6fe6</run_address>
         <size>0x2</size>
         <alignment>0x2</alignment>
         <input_file_ref idref="fl-11b"/>
      </object_component>
      <object_component id="oc-1c">
         <name>.text:decompress:lzss</name>
         <load_address>0x6fe8</load_address>
         <readonly>true</readonly>
         <executable>true</executable>
         <run_address>0x6fe8</run_address>
         <size>0x7c</size>
         <alignment>0x4</alignment>
         <input_file_ref idref="fl-3c"/>
      </object_component>
      <object_component id="oc-229">
         <name>.text.__gedf2</name>
         <load_address>0x7064</load_address>
         <readonly>true</readonly>
         <executable>true</executable>
         <run_address>0x7064</run_address>
         <size>0x74</size>
         <alignment>0x4</alignment>
         <input_file_ref idref="fl-11a"/>
      </object_component>
      <object_component id="oc-15b">
         <name>.text.SYSCFG_DL_IMU601_init</name>
         <load_address>0x70d8</load_address>
         <readonly>true</readonly>
         <executable>true</executable>
         <run_address>0x70d8</run_address>
         <size>0x70</size>
         <alignment>0x4</alignment>
         <input_file_ref idref="fl-3"/>
      </object_component>
      <object_component id="oc-100">
         <name>.text.IMU601_poll</name>
         <load_address>0x7148</load_address>
         <readonly>true</readonly>
         <executable>true</executable>
         <run_address>0x7148</run_address>
         <size>0x6c</size>
         <alignment>0x4</alignment>
         <input_file_ref idref="fl-6"/>
      </object_component>
      <object_component id="oc-223">
         <name>.text.__ledf2</name>
         <load_address>0x71b4</load_address>
         <readonly>true</readonly>
         <executable>true</executable>
         <run_address>0x71b4</run_address>
         <size>0x68</size>
         <alignment>0x4</alignment>
         <input_file_ref idref="fl-11a"/>
      </object_component>
      <object_component id="oc-222">
         <name>.text._mcpy</name>
         <load_address>0x721c</load_address>
         <readonly>true</readonly>
         <executable>true</executable>
         <run_address>0x721c</run_address>
         <size>0x66</size>
         <alignment>0x2</alignment>
         <input_file_ref idref="fl-3d"/>
      </object_component>
      <object_component id="oc-235">
         <name>.text.__aeabi_ldiv0</name>
         <load_address>0x7282</load_address>
         <readonly>true</readonly>
         <executable>true</executable>
         <run_address>0x7282</run_address>
         <size>0x2</size>
         <alignment>0x2</alignment>
         <input_file_ref idref="fl-11b"/>
      </object_component>
      <object_component id="oc-fe">
         <name>.text.IMU601_init</name>
         <load_address>0x7284</load_address>
         <readonly>true</readonly>
         <executable>true</executable>
         <run_address>0x7284</run_address>
         <size>0x64</size>
         <alignment>0x4</alignment>
         <input_file_ref idref="fl-6"/>
      </object_component>
      <object_component id="oc-ff">
         <name>.text.LineTrack_Start</name>
         <load_address>0x72e8</load_address>
         <readonly>true</readonly>
         <executable>true</executable>
         <run_address>0x72e8</run_address>
         <size>0x64</size>
         <alignment>0x4</alignment>
         <input_file_ref idref="fl-7"/>
      </object_component>
      <object_component id="oc-1eb">
         <name>.text.__aeabi_dcmp</name>
         <load_address>0x734c</load_address>
         <readonly>true</readonly>
         <executable>true</executable>
         <run_address>0x734c</run_address>
         <size>0x62</size>
         <alignment>0x4</alignment>
         <input_file_ref idref="fl-110"/>
      </object_component>
      <object_component id="oc-c8">
         <name>.text.__aeabi_fcmp</name>
         <load_address>0x73b0</load_address>
         <readonly>true</readonly>
         <executable>true</executable>
         <run_address>0x73b0</run_address>
         <size>0x62</size>
         <alignment>0x4</alignment>
         <input_file_ref idref="fl-111"/>
      </object_component>
      <object_component id="oc-153">
         <name>.text:memset</name>
         <load_address>0x7412</load_address>
         <readonly>true</readonly>
         <executable>true</executable>
         <run_address>0x7412</run_address>
         <size>0x62</size>
         <alignment>0x1</alignment>
         <input_file_ref idref="fl-11e"/>
      </object_component>
      <object_component id="oc-15a">
         <name>.text.SYSCFG_DL_OLED_init</name>
         <load_address>0x7474</load_address>
         <readonly>true</readonly>
         <executable>true</executable>
         <run_address>0x7474</run_address>
         <size>0x60</size>
         <alignment>0x4</alignment>
         <input_file_ref idref="fl-3"/>
      </object_component>
      <object_component id="oc-164">
         <name>.text.DL_I2C_fillControllerTXFIFO</name>
         <load_address>0x74d4</load_address>
         <readonly>true</readonly>
         <executable>true</executable>
         <run_address>0x74d4</run_address>
         <size>0x5e</size>
         <alignment>0x2</alignment>
         <input_file_ref idref="fl-1b"/>
      </object_component>
      <object_component id="oc-b7">
         <name>.text.Encoder_UpdateData_10ms</name>
         <load_address>0x7534</load_address>
         <readonly>true</readonly>
         <executable>true</executable>
         <run_address>0x7534</run_address>
         <size>0x5c</size>
         <alignment>0x4</alignment>
         <input_file_ref idref="fl-5"/>
      </object_component>
      <object_component id="oc-206">
         <name>.text.frexp</name>
         <load_address>0x7590</load_address>
         <readonly>true</readonly>
         <executable>true</executable>
         <run_address>0x7590</run_address>
         <size>0x5c</size>
         <alignment>0x4</alignment>
         <input_file_ref idref="fl-48"/>
      </object_component>
      <object_component id="oc-212">
         <name>.text.__TI_ltoa</name>
         <load_address>0x75ec</load_address>
         <readonly>true</readonly>
         <executable>true</executable>
         <run_address>0x75ec</run_address>
         <size>0x58</size>
         <alignment>0x2</alignment>
         <input_file_ref idref="fl-41"/>
      </object_component>
      <object_component id="oc-1f0">
         <name>.text._pconv_f</name>
         <load_address>0x7644</load_address>
         <readonly>true</readonly>
         <executable>true</executable>
         <run_address>0x7644</run_address>
         <size>0x58</size>
         <alignment>0x2</alignment>
         <input_file_ref idref="fl-3d"/>
      </object_component>
      <object_component id="oc-242">
         <name>.text.__aeabi_idivmod</name>
         <load_address>0x769c</load_address>
         <readonly>true</readonly>
         <executable>true</executable>
         <run_address>0x769c</run_address>
         <size>0x56</size>
         <alignment>0x4</alignment>
         <input_file_ref idref="fl-112"/>
      </object_component>
      <object_component id="oc-154">
         <name>.text.SYSCFG_DL_initPower</name>
         <load_address>0x76f4</load_address>
         <readonly>true</readonly>
         <executable>true</executable>
         <run_address>0x76f4</run_address>
         <size>0x54</size>
         <alignment>0x4</alignment>
         <input_file_ref idref="fl-3"/>
      </object_component>
      <object_component id="oc-220">
         <name>.text._ecpy</name>
         <load_address>0x7748</load_address>
         <readonly>true</readonly>
         <executable>true</executable>
         <run_address>0x7748</run_address>
         <size>0x52</size>
         <alignment>0x2</alignment>
         <input_file_ref idref="fl-3d"/>
      </object_component>
      <object_component id="oc-20e">
         <name>.text.__fixdfsi</name>
         <load_address>0x779c</load_address>
         <readonly>true</readonly>
         <executable>true</executable>
         <run_address>0x779c</run_address>
         <size>0x4a</size>
         <alignment>0x4</alignment>
         <input_file_ref idref="fl-10a"/>
      </object_component>
      <object_component id="oc-1ab">
         <name>.text.DL_UART_init</name>
         <load_address>0x77e8</load_address>
         <readonly>true</readonly>
         <executable>true</executable>
         <run_address>0x77e8</run_address>
         <size>0x48</size>
         <alignment>0x4</alignment>
         <input_file_ref idref="fl-1d"/>
      </object_component>
      <object_component id="oc-d5">
         <name>.text.Set_Motor_Speed_Right</name>
         <load_address>0x7830</load_address>
         <readonly>true</readonly>
         <executable>true</executable>
         <run_address>0x7830</run_address>
         <size>0x40</size>
         <alignment>0x4</alignment>
         <input_file_ref idref="fl-8"/>
      </object_component>
      <object_component id="oc-96">
         <name>.text.__aeabi_uidivmod</name>
         <load_address>0x7870</load_address>
         <readonly>true</readonly>
         <executable>true</executable>
         <run_address>0x7870</run_address>
         <size>0x40</size>
         <alignment>0x4</alignment>
         <input_file_ref idref="fl-115"/>
      </object_component>
      <object_component id="oc-101">
         <name>.text.__extendsfdf2</name>
         <load_address>0x78b0</load_address>
         <readonly>true</readonly>
         <executable>true</executable>
         <run_address>0x78b0</run_address>
         <size>0x40</size>
         <alignment>0x4</alignment>
         <input_file_ref idref="fl-109"/>
      </object_component>
      <object_component id="oc-1d4">
         <name>.text.atoi</name>
         <load_address>0x78f0</load_address>
         <readonly>true</readonly>
         <executable>true</executable>
         <run_address>0x78f0</run_address>
         <size>0x40</size>
         <alignment>0x4</alignment>
         <input_file_ref idref="fl-44"/>
      </object_component>
      <object_component id="oc-d0">
         <name>.text.Set_Motor_Speed_Left</name>
         <load_address>0x7930</load_address>
         <readonly>true</readonly>
         <executable>true</executable>
         <run_address>0x7930</run_address>
         <size>0x3c</size>
         <alignment>0x4</alignment>
         <input_file_ref idref="fl-8"/>
      </object_component>
      <object_component id="oc-8e">
         <name>.text.__floatsisf</name>
         <load_address>0x796c</load_address>
         <readonly>true</readonly>
         <executable>true</executable>
         <run_address>0x796c</run_address>
         <size>0x3c</size>
         <alignment>0x4</alignment>
         <input_file_ref idref="fl-10d"/>
      </object_component>
      <object_component id="oc-142">
         <name>.text.__gtsf2</name>
         <load_address>0x79a8</load_address>
         <readonly>true</readonly>
         <executable>true</executable>
         <run_address>0x79a8</run_address>
         <size>0x3c</size>
         <alignment>0x4</alignment>
         <input_file_ref idref="fl-117"/>
      </object_component>
      <object_component id="oc-117">
         <name>.text:__TI_auto_init_nobinit_nopinit</name>
         <load_address>0x79e4</load_address>
         <readonly>true</readonly>
         <executable>true</executable>
         <run_address>0x79e4</run_address>
         <size>0x3c</size>
         <alignment>0x4</alignment>
         <input_file_ref idref="fl-37"/>
      </object_component>
      <object_component id="oc-13d">
         <name>.text.__eqsf2</name>
         <load_address>0x7a20</load_address>
         <readonly>true</readonly>
         <executable>true</executable>
         <run_address>0x7a20</run_address>
         <size>0x3a</size>
         <alignment>0x4</alignment>
         <input_file_ref idref="fl-117"/>
      </object_component>
      <object_component id="oc-12a">
         <name>.text.__muldsi3</name>
         <load_address>0x7a5c</load_address>
         <readonly>true</readonly>
         <executable>true</executable>
         <run_address>0x7a5c</run_address>
         <size>0x3a</size>
         <alignment>0x4</alignment>
         <input_file_ref idref="fl-105"/>
      </object_component>
      <object_component id="oc-159">
         <name>.text.SYSCFG_DL_TIMER_0_init</name>
         <load_address>0x7a98</load_address>
         <readonly>true</readonly>
         <executable>true</executable>
         <run_address>0x7a98</run_address>
         <size>0x38</size>
         <alignment>0x4</alignment>
         <input_file_ref idref="fl-3"/>
      </object_component>
      <object_component id="oc-cc">
         <name>.text.__fixsfsi</name>
         <load_address>0x7ad0</load_address>
         <readonly>true</readonly>
         <executable>true</executable>
         <run_address>0x7ad0</run_address>
         <size>0x38</size>
         <alignment>0x4</alignment>
         <input_file_ref idref="fl-10b"/>
      </object_component>
      <object_component id="oc-105">
         <name>.text.sprintf</name>
         <load_address>0x7b08</load_address>
         <readonly>true</readonly>
         <executable>true</executable>
         <run_address>0x7b08</run_address>
         <size>0x38</size>
         <alignment>0x4</alignment>
         <input_file_ref idref="fl-34"/>
      </object_component>
      <object_component id="oc-1b3">
         <name>.text.DL_UART_transmitDataBlocking</name>
         <load_address>0x7b40</load_address>
         <readonly>true</readonly>
         <executable>true</executable>
         <run_address>0x7b40</run_address>
         <size>0x30</size>
         <alignment>0x4</alignment>
         <input_file_ref idref="fl-1d"/>
      </object_component>
      <object_component id="oc-156">
         <name>.text.SYSCFG_DL_SYSCTL_init</name>
         <load_address>0x7b70</load_address>
         <readonly>true</readonly>
         <executable>true</executable>
         <run_address>0x7b70</run_address>
         <size>0x30</size>
         <alignment>0x4</alignment>
         <input_file_ref idref="fl-3"/>
      </object_component>
      <object_component id="oc-221">
         <name>.text._fcpy</name>
         <load_address>0x7ba0</load_address>
         <readonly>true</readonly>
         <executable>true</executable>
         <run_address>0x7ba0</run_address>
         <size>0x30</size>
         <alignment>0x2</alignment>
         <input_file_ref idref="fl-3d"/>
      </object_component>
      <object_component id="oc-174">
         <name>.text.Encoder_Clear</name>
         <load_address>0x7bd0</load_address>
         <readonly>true</readonly>
         <executable>true</executable>
         <run_address>0x7bd0</run_address>
         <size>0x2c</size>
         <alignment>0x4</alignment>
         <input_file_ref idref="fl-5"/>
      </object_component>
      <object_component id="oc-eb">
         <name>.text.SYSCFG_DL_init</name>
         <load_address>0x7bfc</load_address>
         <readonly>true</readonly>
         <executable>true</executable>
         <run_address>0x7bfc</run_address>
         <size>0x2c</size>
         <alignment>0x4</alignment>
         <input_file_ref idref="fl-3"/>
      </object_component>
      <object_component id="oc-216">
         <name>.text.__floatsidf</name>
         <load_address>0x7c28</load_address>
         <readonly>true</readonly>
         <executable>true</executable>
         <run_address>0x7c28</run_address>
         <size>0x2c</size>
         <alignment>0x4</alignment>
         <input_file_ref idref="fl-10c"/>
      </object_component>
      <object_component id="oc-9a">
         <name>.text.__floatunsisf</name>
         <load_address>0x7c54</load_address>
         <readonly>true</readonly>
         <executable>true</executable>
         <run_address>0x7c54</run_address>
         <size>0x28</size>
         <alignment>0x4</alignment>
         <input_file_ref idref="fl-10e"/>
      </object_component>
      <object_component id="oc-5f">
         <name>.text:_c_int00_noargs</name>
         <load_address>0x7c7c</load_address>
         <readonly>true</readonly>
         <executable>true</executable>
         <run_address>0x7c7c</run_address>
         <size>0x28</size>
         <alignment>0x4</alignment>
         <input_file_ref idref="fl-35"/>
      </object_component>
      <object_component id="oc-1a8">
         <name>.text.DL_I2C_setClockConfig</name>
         <load_address>0x7ca4</load_address>
         <readonly>true</readonly>
         <executable>true</executable>
         <run_address>0x7ca4</run_address>
         <size>0x26</size>
         <alignment>0x2</alignment>
         <input_file_ref idref="fl-1b"/>
      </object_component>
      <object_component id="oc-1e1">
         <name>.text.__muldi3</name>
         <load_address>0x7ccc</load_address>
         <readonly>true</readonly>
         <executable>true</executable>
         <run_address>0x7ccc</run_address>
         <size>0x24</size>
         <alignment>0x4</alignment>
         <input_file_ref idref="fl-10f"/>
      </object_component>
      <object_component id="oc-1cd">
         <name>.text.memccpy</name>
         <load_address>0x7cf0</load_address>
         <readonly>true</readonly>
         <executable>true</executable>
         <run_address>0x7cf0</run_address>
         <size>0x22</size>
         <alignment>0x2</alignment>
         <input_file_ref idref="fl-46"/>
      </object_component>
      <object_component id="oc-171">
         <name>.text.Encoder_Init</name>
         <load_address>0x7d14</load_address>
         <readonly>true</readonly>
         <executable>true</executable>
         <run_address>0x7d14</run_address>
         <size>0x20</size>
         <alignment>0x4</alignment>
         <input_file_ref idref="fl-5"/>
      </object_component>
      <object_component id="oc-172">
         <name>.text.PID_Init</name>
         <load_address>0x7d34</load_address>
         <readonly>true</readonly>
         <executable>true</executable>
         <run_address>0x7d34</run_address>
         <size>0x20</size>
         <alignment>0x2</alignment>
         <input_file_ref idref="fl-a"/>
      </object_component>
      <object_component id="oc-3a">
         <name>.text.UART0_IRQHandler</name>
         <load_address>0x7d54</load_address>
         <readonly>true</readonly>
         <executable>true</executable>
         <run_address>0x7d54</run_address>
         <size>0x20</size>
         <alignment>0x4</alignment>
         <input_file_ref idref="fl-6"/>
      </object_component>
      <object_component id="oc-236">
         <name>.text.__ashldi3</name>
         <load_address>0x7d74</load_address>
         <readonly>true</readonly>
         <executable>true</executable>
         <run_address>0x7d74</run_address>
         <size>0x1e</size>
         <alignment>0x4</alignment>
         <input_file_ref idref="fl-119"/>
      </object_component>
      <object_component id="oc-1a2">
         <name>.text.DL_Timer_setCaptCompUpdateMethod</name>
         <load_address>0x7d94</load_address>
         <readonly>true</readonly>
         <executable>true</executable>
         <run_address>0x7d94</run_address>
         <size>0x1c</size>
         <alignment>0x4</alignment>
         <input_file_ref idref="fl-1c"/>
      </object_component>
      <object_component id="oc-19f">
         <name>.text.DL_Timer_setClockConfig</name>
         <load_address>0x7db0</load_address>
         <readonly>true</readonly>
         <executable>true</executable>
         <run_address>0x7db0</run_address>
         <size>0x1c</size>
         <alignment>0x4</alignment>
         <input_file_ref idref="fl-1c"/>
      </object_component>
      <object_component id="oc-17b">
         <name>.text.DL_UART_receiveDataCheck</name>
         <load_address>0x7dcc</load_address>
         <readonly>true</readonly>
         <executable>true</executable>
         <run_address>0x7dcc</run_address>
         <size>0x1c</size>
         <alignment>0x4</alignment>
         <input_file_ref idref="fl-1d"/>
      </object_component>
      <object_component id="oc-1a1">
         <name>.text.DL_Timer_setCaptureCompareOutCtl</name>
         <load_address>0x7de8</load_address>
         <readonly>true</readonly>
         <executable>true</executable>
         <run_address>0x7de8</run_address>
         <size>0x18</size>
         <alignment>0x4</alignment>
         <input_file_ref idref="fl-1c"/>
      </object_component>
      <object_component id="oc-3f">
         <name>.text.TIMA0_IRQHandler</name>
         <load_address>0x7e00</load_address>
         <readonly>true</readonly>
         <executable>true</executable>
         <run_address>0x7e00</run_address>
         <size>0x18</size>
         <alignment>0x4</alignment>
         <input_file_ref idref="fl-2"/>
      </object_component>
      <object_component id="oc-183">
         <name>.text._outs</name>
         <load_address>0x7e18</load_address>
         <readonly>true</readonly>
         <executable>true</executable>
         <run_address>0x7e18</run_address>
         <size>0x18</size>
         <alignment>0x2</alignment>
         <input_file_ref idref="fl-34"/>
      </object_component>
      <object_component id="oc-1e6">
         <name>.text.__aeabi_uldivmod</name>
         <load_address>0x7e30</load_address>
         <readonly>true</readonly>
         <executable>true</executable>
         <run_address>0x7e30</run_address>
         <size>0x14</size>
         <alignment>0x4</alignment>
         <input_file_ref idref="fl-116"/>
      </object_component>
      <object_component id="oc-21f">
         <name>.text.strchr</name>
         <load_address>0x7e44</load_address>
         <readonly>true</readonly>
         <executable>true</executable>
         <run_address>0x7e44</run_address>
         <size>0x14</size>
         <alignment>0x2</alignment>
         <input_file_ref idref="fl-3d"/>
      </object_component>
      <object_component id="oc-1aa">
         <name>.text.DL_UART_setClockConfig</name>
         <load_address>0x7e58</load_address>
         <readonly>true</readonly>
         <executable>true</executable>
         <run_address>0x7e58</run_address>
         <size>0x12</size>
         <alignment>0x2</alignment>
         <input_file_ref idref="fl-1d"/>
      </object_component>
      <object_component id="oc-20">
         <name>.text:decompress:none</name>
         <load_address>0x7e6a</load_address>
         <readonly>true</readonly>
         <executable>true</executable>
         <run_address>0x7e6a</run_address>
         <size>0x12</size>
         <alignment>0x2</alignment>
         <input_file_ref idref="fl-3b"/>
      </object_component>
      <object_component id="oc-145">
         <name>.text.DL_Timer_setCaptureCompareValue</name>
         <load_address>0x7e7c</load_address>
         <readonly>true</readonly>
         <executable>true</executable>
         <run_address>0x7e7c</run_address>
         <size>0x10</size>
         <alignment>0x4</alignment>
         <input_file_ref idref="fl-1c"/>
      </object_component>
      <object_component id="oc-170">
         <name>.text.Motor_Init</name>
         <load_address>0x7e8c</load_address>
         <readonly>true</readonly>
         <executable>true</executable>
         <run_address>0x7e8c</run_address>
         <size>0x10</size>
         <alignment>0x4</alignment>
         <input_file_ref idref="fl-8"/>
      </object_component>
      <object_component id="oc-173">
         <name>.text.PID_Clear</name>
         <load_address>0x7e9c</load_address>
         <readonly>true</readonly>
         <executable>true</executable>
         <run_address>0x7e9c</run_address>
         <size>0x10</size>
         <alignment>0x2</alignment>
         <input_file_ref idref="fl-a"/>
      </object_component>
      <object_component id="oc-1d8">
         <name>.text.wcslen</name>
         <load_address>0x7eac</load_address>
         <readonly>true</readonly>
         <executable>true</executable>
         <run_address>0x7eac</run_address>
         <size>0x10</size>
         <alignment>0x2</alignment>
         <input_file_ref idref="fl-4a"/>
      </object_component>
      <object_component id="oc-5c">
         <name>.text:decompress:ZI</name>
         <load_address>0x7ebc</load_address>
         <readonly>true</readonly>
         <executable>true</executable>
         <run_address>0x7ebc</run_address>
         <size>0x10</size>
         <alignment>0x2</alignment>
         <input_file_ref idref="fl-3a"/>
      </object_component>
      <object_component id="oc-1cc">
         <name>.text.__aeabi_memset</name>
         <load_address>0x7ecc</load_address>
         <readonly>true</readonly>
         <executable>true</executable>
         <run_address>0x7ecc</run_address>
         <size>0xe</size>
         <alignment>0x4</alignment>
         <input_file_ref idref="fl-114"/>
      </object_component>
      <object_component id="oc-15f">
         <name>.text.delay_ms</name>
         <load_address>0x7eda</load_address>
         <readonly>true</readonly>
         <executable>true</executable>
         <run_address>0x7eda</run_address>
         <size>0xe</size>
         <alignment>0x2</alignment>
         <input_file_ref idref="fl-1"/>
      </object_component>
      <object_component id="oc-1cb">
         <name>.text.strlen</name>
         <load_address>0x7ee8</load_address>
         <readonly>true</readonly>
         <executable>true</executable>
         <run_address>0x7ee8</run_address>
         <size>0xe</size>
         <alignment>0x2</alignment>
         <input_file_ref idref="fl-3d"/>
      </object_component>
      <object_component id="oc-7a">
         <name>.text.__aeabi_memclr</name>
         <load_address>0x7ef8</load_address>
         <readonly>true</readonly>
         <executable>true</executable>
         <run_address>0x7ef8</run_address>
         <size>0xc</size>
         <alignment>0x4</alignment>
         <input_file_ref idref="fl-114"/>
      </object_component>
      <object_component id="oc-f9">
         <name>.text.DL_Common_delayCycles</name>
         <load_address>0x7f04</load_address>
         <readonly>true</readonly>
         <executable>true</executable>
         <run_address>0x7f04</run_address>
         <size>0xa</size>
         <alignment>0x2</alignment>
         <input_file_ref idref="fl-1a"/>
      </object_component>
      <object_component id="oc-21a">
         <name>.text.OUTLINED_FUNCTION_0</name>
         <load_address>0x7f0e</load_address>
         <readonly>true</readonly>
         <executable>true</executable>
         <run_address>0x7f0e</run_address>
         <size>0xa</size>
         <alignment>0x2</alignment>
         <input_file_ref idref="fl-3d"/>
      </object_component>
      <object_component id="oc-298">
         <name>.tramp.__aeabi_dsub.1</name>
         <load_address>0x7f18</load_address>
         <readonly>true</readonly>
         <executable>true</executable>
         <run_address>0x7f18</run_address>
         <size>0x10</size>
         <alignment>0x4</alignment>
         <input_file_ref idref="fl-103"/>
      </object_component>
      <object_component id="oc-234">
         <name>.text.OUTLINED_FUNCTION_1</name>
         <load_address>0x7f28</load_address>
         <readonly>true</readonly>
         <executable>true</executable>
         <run_address>0x7f28</run_address>
         <size>0xa</size>
         <alignment>0x2</alignment>
         <input_file_ref idref="fl-3d"/>
      </object_component>
      <object_component id="oc-184">
         <name>.text._outc</name>
         <load_address>0x7f32</load_address>
         <readonly>true</readonly>
         <executable>true</executable>
         <run_address>0x7f32</run_address>
         <size>0xa</size>
         <alignment>0x2</alignment>
         <input_file_ref idref="fl-34"/>
      </object_component>
      <object_component id="oc-1dc">
         <name>.text.__aeabi_errno_addr</name>
         <load_address>0x7f3c</load_address>
         <readonly>true</readonly>
         <executable>true</executable>
         <run_address>0x7f3c</run_address>
         <size>0x8</size>
         <alignment>0x4</alignment>
         <input_file_ref idref="fl-3e"/>
      </object_component>
      <object_component id="oc-4f">
         <name>.text.__aeabi_memcpy</name>
         <load_address>0x7f44</load_address>
         <readonly>true</readonly>
         <executable>true</executable>
         <run_address>0x7f44</run_address>
         <size>0x8</size>
         <alignment>0x4</alignment>
         <input_file_ref idref="fl-113"/>
      </object_component>
      <object_component id="oc-110">
         <name>.text:abort</name>
         <load_address>0x7f4c</load_address>
         <readonly>true</readonly>
         <executable>true</executable>
         <run_address>0x7f4c</run_address>
         <size>0x6</size>
         <alignment>0x2</alignment>
         <input_file_ref idref="fl-3f"/>
      </object_component>
      <object_component id="oc-187">
         <name>.text.HOSTexit</name>
         <load_address>0x7f52</load_address>
         <readonly>true</readonly>
         <executable>true</executable>
         <run_address>0x7f52</run_address>
         <size>0x4</size>
         <alignment>0x2</alignment>
         <input_file_ref idref="fl-f2"/>
      </object_component>
      <object_component id="oc-2f">
         <name>.text.Reset_Handler</name>
         <load_address>0x7f56</load_address>
         <readonly>true</readonly>
         <executable>true</executable>
         <run_address>0x7f56</run_address>
         <size>0x4</size>
         <alignment>0x2</alignment>
         <input_file_ref idref="fl-4"/>
      </object_component>
      <object_component id="oc-7f">
         <name>.text._system_pre_init</name>
         <load_address>0x7f5a</load_address>
         <readonly>true</readonly>
         <executable>true</executable>
         <run_address>0x7f5a</run_address>
         <size>0x4</size>
         <alignment>0x2</alignment>
         <input_file_ref idref="fl-38"/>
      </object_component>
      <object_component id="oc-294">
         <name>.cinit..data.load</name>
         <load_address>0x86d0</load_address>
         <readonly>true</readonly>
         <run_address>0x86d0</run_address>
         <size>0xd</size>
         <alignment>0x1</alignment>
      </object_component>
      <object_component id="oc-292">
         <name>__TI_handler_table</name>
         <load_address>0x86e0</load_address>
         <readonly>true</readonly>
         <run_address>0x86e0</run_address>
         <size>0xc</size>
         <alignment>0x4</alignment>
      </object_component>
      <object_component id="oc-295">
         <name>.cinit..bss.load</name>
         <load_address>0x86ec</load_address>
         <readonly>true</readonly>
         <run_address>0x86ec</run_address>
         <size>0x8</size>
         <alignment>0x4</alignment>
      </object_component>
      <object_component id="oc-293">
         <name>__TI_cinit_table</name>
         <load_address>0x86f4</load_address>
         <readonly>true</readonly>
         <run_address>0x86f4</run_address>
         <size>0x10</size>
         <alignment>0x4</alignment>
      </object_component>
      <object_component id="oc-16c">
         <name>.rodata.asc2_1608</name>
         <load_address>0x7f60</load_address>
         <readonly>true</readonly>
         <run_address>0x7f60</run_address>
         <size>0x5f0</size>
         <alignment>0x1</alignment>
         <input_file_ref idref="fl-9"/>
      </object_component>
      <object_component id="oc-1f5">
         <name>.rodata:__aeabi_ctype_table_</name>
         <load_address>0x8550</load_address>
         <readonly>true</readonly>
         <run_address>0x8550</run_address>
         <size>0x101</size>
         <alignment>0x10</alignment>
         <input_file_ref idref="fl-4f"/>
      </object_component>
      <object_component id="oc-1a3">
         <name>.rodata.gPWM_MOTORClockConfig</name>
         <load_address>0x8651</load_address>
         <readonly>true</readonly>
         <run_address>0x8651</run_address>
         <size>0x3</size>
         <alignment>0x1</alignment>
         <input_file_ref idref="fl-3"/>
      </object_component>
      <object_component id="oc-1a7">
         <name>.rodata.gTIMER_0TimerConfig</name>
         <load_address>0x8654</load_address>
         <readonly>true</readonly>
         <run_address>0x8654</run_address>
         <size>0x14</size>
         <alignment>0x4</alignment>
         <input_file_ref idref="fl-3"/>
      </object_component>
      <object_component id="oc-1e5">
         <name>.rodata.str1.10348868589481759720.1</name>
         <load_address>0x8668</load_address>
         <readonly>true</readonly>
         <run_address>0x8668</run_address>
         <size>0x11</size>
         <alignment>0x1</alignment>
         <input_file_ref idref="fl-3d"/>
      </object_component>
      <object_component id="oc-1d1">
         <name>.rodata.str1.15363888844622738466.1</name>
         <load_address>0x8679</load_address>
         <readonly>true</readonly>
         <run_address>0x8679</run_address>
         <size>0x11</size>
         <alignment>0x1</alignment>
         <input_file_ref idref="fl-3d"/>
      </object_component>
      <object_component id="oc-10d">
         <name>.rodata.str1.14685083708502177989.1</name>
         <load_address>0x868a</load_address>
         <readonly>true</readonly>
         <run_address>0x868a</run_address>
         <size>0xc</size>
         <alignment>0x1</alignment>
         <input_file_ref idref="fl-2"/>
      </object_component>
      <object_component id="oc-10e">
         <name>.rodata.str1.17669528882079347314.1</name>
         <load_address>0x8696</load_address>
         <readonly>true</readonly>
         <run_address>0x8696</run_address>
         <size>0xb</size>
         <alignment>0x1</alignment>
         <input_file_ref idref="fl-2"/>
      </object_component>
      <object_component id="oc-10f">
         <name>.rodata.str1.11898133897667081452.1</name>
         <load_address>0x86a1</load_address>
         <readonly>true</readonly>
         <run_address>0x86a1</run_address>
         <size>0x1</size>
         <alignment>0x1</alignment>
         <input_file_ref idref="fl-2"/>
      </object_component>
      <object_component id="oc-1ad">
         <name>.rodata.gIMU601Config</name>
         <load_address>0x86a2</load_address>
         <readonly>true</readonly>
         <run_address>0x86a2</run_address>
         <size>0xa</size>
         <alignment>0x2</alignment>
         <input_file_ref idref="fl-3"/>
      </object_component>
      <object_component id="oc-10c">
         <name>.rodata.str1.254342170260855183.1</name>
         <load_address>0x86ac</load_address>
         <readonly>true</readonly>
         <run_address>0x86ac</run_address>
         <size>0xa</size>
         <alignment>0x1</alignment>
         <input_file_ref idref="fl-2"/>
      </object_component>
      <object_component id="oc-1ac">
         <name>.rodata.gIMU601ClockConfig</name>
         <load_address>0x86b6</load_address>
         <readonly>true</readonly>
         <run_address>0x86b6</run_address>
         <size>0x2</size>
         <alignment>0x1</alignment>
         <input_file_ref idref="fl-3"/>
      </object_component>
      <object_component id="oc-1a4">
         <name>.rodata.gPWM_MOTORConfig</name>
         <load_address>0x86b8</load_address>
         <readonly>true</readonly>
         <run_address>0x86b8</run_address>
         <size>0x8</size>
         <alignment>0x4</alignment>
         <input_file_ref idref="fl-3"/>
      </object_component>
      <object_component id="oc-10b">
         <name>.rodata.str1.9517790425240694019.1</name>
         <load_address>0x86c0</load_address>
         <readonly>true</readonly>
         <run_address>0x86c0</run_address>
         <size>0x8</size>
         <alignment>0x1</alignment>
         <input_file_ref idref="fl-2"/>
      </object_component>
      <object_component id="oc-1a6">
         <name>.rodata.gTIMER_0ClockConfig</name>
         <load_address>0x86c8</load_address>
         <readonly>true</readonly>
         <run_address>0x86c8</run_address>
         <size>0x3</size>
         <alignment>0x1</alignment>
         <input_file_ref idref="fl-3"/>
      </object_component>
      <object_component id="oc-1a9">
         <name>.rodata.gOLEDClockConfig</name>
         <load_address>0x86cb</load_address>
         <readonly>true</readonly>
         <run_address>0x86cb</run_address>
         <size>0x2</size>
         <alignment>0x1</alignment>
         <input_file_ref idref="fl-3"/>
      </object_component>
      <object_component id="oc-25a">
         <name>.binit</name>
         <load_address>0x0</load_address>
         <readonly>true</readonly>
         <run_address>0x0</run_address>
         <size>0x0</size>
         <alignment>0x4</alignment>
      </object_component>
      <object_component id="oc-d7">
         <name>.data.g_Encoder</name>
         <load_address>0x202005ec</load_address>
         <readwrite>true</readwrite>
         <run_address>0x202005ec</run_address>
         <size>0x10</size>
         <alignment>0x4</alignment>
         <input_file_ref idref="fl-5"/>
      </object_component>
      <object_component id="oc-66">
         <name>.data.left_pulse_count</name>
         <load_address>0x2020065c</load_address>
         <readwrite>true</readwrite>
         <run_address>0x2020065c</run_address>
         <size>0x4</size>
         <alignment>0x4</alignment>
         <input_file_ref idref="fl-5"/>
      </object_component>
      <object_component id="oc-67">
         <name>.data.right_pulse_count</name>
         <load_address>0x20200668</load_address>
         <readwrite>true</readwrite>
         <run_address>0x20200668</run_address>
         <size>0x4</size>
         <alignment>0x4</alignment>
         <input_file_ref idref="fl-5"/>
      </object_component>
      <object_component id="oc-af">
         <name>.data.current_attitude</name>
         <load_address>0x202005fc</load_address>
         <readwrite>true</readwrite>
         <run_address>0x202005fc</run_address>
         <size>0xc</size>
         <alignment>0x4</alignment>
         <input_file_ref idref="fl-6"/>
      </object_component>
      <object_component id="oc-a3">
         <name>.data.imu601_rx_count</name>
         <load_address>0x20200648</load_address>
         <readwrite>true</readwrite>
         <run_address>0x20200648</run_address>
         <size>0x4</size>
         <alignment>0x4</alignment>
         <input_file_ref idref="fl-6"/>
      </object_component>
      <object_component id="oc-b5">
         <name>.data.imu601_header_count</name>
         <load_address>0x20200638</load_address>
         <readwrite>true</readwrite>
         <run_address>0x20200638</run_address>
         <size>0x4</size>
         <alignment>0x4</alignment>
         <input_file_ref idref="fl-6"/>
      </object_component>
      <object_component id="oc-b1">
         <name>.data.imu601_valid_count</name>
         <load_address>0x2020064c</load_address>
         <readwrite>true</readwrite>
         <run_address>0x2020064c</run_address>
         <size>0x4</size>
         <alignment>0x4</alignment>
         <input_file_ref idref="fl-6"/>
      </object_component>
      <object_component id="oc-b6">
         <name>.data.imu601_checksum_error_count</name>
         <load_address>0x20200634</load_address>
         <readwrite>true</readwrite>
         <run_address>0x20200634</run_address>
         <size>0x4</size>
         <alignment>0x4</alignment>
         <input_file_ref idref="fl-6"/>
      </object_component>
      <object_component id="oc-a2">
         <name>.data.imu601_last_byte</name>
         <load_address>0x2020066e</load_address>
         <readwrite>true</readwrite>
         <run_address>0x2020066e</run_address>
         <size>0x1</size>
         <alignment>0x1</alignment>
         <input_file_ref idref="fl-6"/>
      </object_component>
      <object_component id="oc-a9">
         <name>.data.imu601_aa_count</name>
         <load_address>0x20200630</load_address>
         <readwrite>true</readwrite>
         <run_address>0x20200630</run_address>
         <size>0x4</size>
         <alignment>0x4</alignment>
         <input_file_ref idref="fl-6"/>
      </object_component>
      <object_component id="oc-a5">
         <name>.data.imu601_55_count</name>
         <load_address>0x20200624</load_address>
         <readwrite>true</readwrite>
         <run_address>0x20200624</run_address>
         <size>0x4</size>
         <alignment>0x4</alignment>
         <input_file_ref idref="fl-6"/>
      </object_component>
      <object_component id="oc-a6">
         <name>.data.imu601_printable_count</name>
         <load_address>0x20200644</load_address>
         <readwrite>true</readwrite>
         <run_address>0x20200644</run_address>
         <size>0x4</size>
         <alignment>0x4</alignment>
         <input_file_ref idref="fl-6"/>
      </object_component>
      <object_component id="oc-a7">
         <name>.data.imu601_newline_count</name>
         <load_address>0x20200640</load_address>
         <readwrite>true</readwrite>
         <run_address>0x20200640</run_address>
         <size>0x4</size>
         <alignment>0x4</alignment>
         <input_file_ref idref="fl-6"/>
      </object_component>
      <object_component id="oc-a8">
         <name>.data.imu601_aa55_pair_count</name>
         <load_address>0x2020062c</load_address>
         <readwrite>true</readwrite>
         <run_address>0x2020062c</run_address>
         <size>0x4</size>
         <alignment>0x4</alignment>
         <input_file_ref idref="fl-6"/>
      </object_component>
      <object_component id="oc-aa">
         <name>.data.imu601_55aa_pair_count</name>
         <load_address>0x20200628</load_address>
         <readwrite>true</readwrite>
         <run_address>0x20200628</run_address>
         <size>0x4</size>
         <alignment>0x4</alignment>
         <input_file_ref idref="fl-6"/>
      </object_component>
      <object_component id="oc-ad">
         <name>.data.imu601_wit_header_count</name>
         <load_address>0x20200654</load_address>
         <readwrite>true</readwrite>
         <run_address>0x20200654</run_address>
         <size>0x4</size>
         <alignment>0x4</alignment>
         <input_file_ref idref="fl-6"/>
      </object_component>
      <object_component id="oc-b0">
         <name>.data.imu601_wit_valid_count</name>
         <load_address>0x20200658</load_address>
[...]
         <value>0x6a91</value>
         <object_component_ref idref="oc-c2"/>
      </symbol>
      <symbol id="sm-1b8">
         <name>Sensor_Get_Error</name>
         <value>0x5e25</value>
         <object_component_ref idref="oc-bc"/>
      </symbol>
      <symbol id="sm-1c2">
         <name>UART_send_buffer</name>
         <value>0x6ee1</value>
         <object_component_ref idref="oc-175"/>
      </symbol>
      <symbol id="sm-1c3">
         <name>__TI_ATRegion0_src_addr</name>
         <value>0x0</value>
      </symbol>
      <symbol id="sm-1c4">
         <name>__TI_ATRegion0_trg_addr</name>
         <value>0x0</value>
      </symbol>
      <symbol id="sm-1c5">
         <name>__TI_ATRegion0_region_sz</name>
         <value>0x0</value>
      </symbol>
      <symbol id="sm-1c6">
         <name>__TI_ATRegion1_src_addr</name>
         <value>0x0</value>
      </symbol>
      <symbol id="sm-1c7">
         <name>__TI_ATRegion1_trg_addr</name>
         <value>0x0</value>
      </symbol>
      <symbol id="sm-1c8">
         <name>__TI_ATRegion1_region_sz</name>
         <value>0x0</value>
      </symbol>
      <symbol id="sm-1c9">
         <name>__TI_ATRegion2_src_addr</name>
         <value>0x0</value>
      </symbol>
      <symbol id="sm-1ca">
         <name>__TI_ATRegion2_trg_addr</name>
         <value>0x0</value>
      </symbol>
      <symbol id="sm-1cb">
         <name>__TI_ATRegion2_region_sz</name>
         <value>0x0</value>
      </symbol>
      <symbol id="sm-1d4">
         <name>DL_Common_delayCycles</name>
         <value>0x7f05</value>
         <object_component_ref idref="oc-f9"/>
      </symbol>
      <symbol id="sm-1e0">
         <name>DL_I2C_setClockConfig</name>
         <value>0x7ca5</value>
         <object_component_ref idref="oc-1a8"/>
      </symbol>
      <symbol id="sm-1e1">
         <name>DL_I2C_fillControllerTXFIFO</name>
         <value>0x74d5</value>
         <object_component_ref idref="oc-164"/>
      </symbol>
      <symbol id="sm-1fd">
         <name>DL_Timer_setClockConfig</name>
         <value>0x7db1</value>
         <object_component_ref idref="oc-19f"/>
      </symbol>
      <symbol id="sm-1fe">
         <name>DL_Timer_initTimerMode</name>
         <value>0x6629</value>
         <object_component_ref idref="oc-1a5"/>
      </symbol>
      <symbol id="sm-1ff">
         <name>DL_Timer_setCaptureCompareValue</name>
         <value>0x7e7d</value>
         <object_component_ref idref="oc-145"/>
      </symbol>
      <symbol id="sm-200">
         <name>DL_Timer_setCaptCompUpdateMethod</name>
         <value>0x7d95</value>
         <object_component_ref idref="oc-1a2"/>
      </symbol>
      <symbol id="sm-201">
         <name>DL_Timer_setCaptureCompareOutCtl</name>
         <value>0x7de9</value>
         <object_component_ref idref="oc-1a1"/>
      </symbol>
      <symbol id="sm-202">
         <name>DL_Timer_initFourCCPWMMode</name>
         <value>0x6525</value>
         <object_component_ref idref="oc-1a0"/>
      </symbol>
      <symbol id="sm-215">
         <name>DL_UART_init</name>
         <value>0x77e9</value>
         <object_component_ref idref="oc-1ab"/>
      </symbol>
      <symbol id="sm-216">
         <name>DL_UART_setClockConfig</name>
         <value>0x7e59</value>
         <object_component_ref idref="oc-1aa"/>
      </symbol>
      <symbol id="sm-217">
         <name>DL_UART_transmitDataBlocking</name>
         <value>0x7b41</value>
         <object_component_ref idref="oc-1b3"/>
      </symbol>
      <symbol id="sm-218">
         <name>DL_UART_receiveDataCheck</name>
         <value>0x7dcd</value>
         <object_component_ref idref="oc-17b"/>
      </symbol>
      <symbol id="sm-229">
         <name>sprintf</name>
         <value>0x7b09</value>
         <object_component_ref idref="oc-105"/>
      </symbol>
      <symbol id="sm-234">
         <name>_c_int00_noargs</name>
         <value>0x7c7d</value>
         <object_component_ref idref="oc-5f"/>
      </symbol>
      <symbol id="sm-235">
         <name>__stack</name>
         <value>0x20207e00</value>
         <object_component_ref idref="oc-1a"/>
      </symbol>
      <symbol id="sm-241">
         <name>__TI_auto_init_nobinit_nopinit</name>
         <value>0x79e5</value>
         <object_component_ref idref="oc-117"/>
      </symbol>
      <symbol id="sm-249">
         <name>_system_pre_init</name>
         <value>0x7f5b</value>
         <object_component_ref idref="oc-7f"/>
      </symbol>
      <symbol id="sm-254">
         <name>__TI_zero_init</name>
         <value>0x7ebd</value>
         <object_component_ref idref="oc-5c"/>
      </symbol>
      <symbol id="sm-25d">
         <name>__TI_decompress_none</name>
         <value>0x7e6b</value>
         <object_component_ref idref="oc-20"/>
      </symbol>
      <symbol id="sm-268">
         <name>__TI_decompress_lzss</name>
         <value>0x6fe9</value>
         <object_component_ref idref="oc-1c"/>
      </symbol>
      <symbol id="sm-2b1">
         <name>__TI_printfi</name>
         <value>0x41e9</value>
         <object_component_ref idref="oc-1bf"/>
      </symbol>
      <symbol id="sm-2bc">
         <name>__aeabi_errno_addr</name>
         <value>0x7f3d</value>
         <object_component_ref idref="oc-1dc"/>
      </symbol>
      <symbol id="sm-2bd">
         <name>__aeabi_errno</name>
         <value>0x20200618</value>
         <object_component_ref idref="oc-1fc"/>
      </symbol>
      <symbol id="sm-2c7">
         <name>abort</name>
         <value>0x7f4d</value>
         <object_component_ref idref="oc-110"/>
      </symbol>
      <symbol id="sm-2d1">
         <name>__TI_ltoa</name>
         <value>0x75ed</value>
         <object_component_ref idref="oc-212"/>
      </symbol>
      <symbol id="sm-2dd">
         <name>atoi</name>
         <value>0x78f1</value>
         <object_component_ref idref="oc-1d4"/>
      </symbol>
      <symbol id="sm-2e7">
         <name>memccpy</name>
         <value>0x7cf1</value>
         <object_component_ref idref="oc-1cd"/>
      </symbol>
      <symbol id="sm-2f2">
         <name>frexp</name>
         <value>0x7591</value>
         <object_component_ref idref="oc-206"/>
      </symbol>
      <symbol id="sm-2f3">
         <name>frexpl</name>
         <value>0x7591</value>
         <object_component_ref idref="oc-206"/>
      </symbol>
      <symbol id="sm-2fd">
         <name>scalbn</name>
         <value>0x68e1</value>
         <object_component_ref idref="oc-20a"/>
      </symbol>
      <symbol id="sm-2fe">
         <name>ldexp</name>
         <value>0x68e1</value>
         <object_component_ref idref="oc-20a"/>
      </symbol>
      <symbol id="sm-2ff">
         <name>scalbnl</name>
         <value>0x68e1</value>
         <object_component_ref idref="oc-20a"/>
      </symbol>
      <symbol id="sm-300">
         <name>ldexpl</name>
         <value>0x68e1</value>
         <object_component_ref idref="oc-20a"/>
      </symbol>
      <symbol id="sm-309">
         <name>wcslen</name>
         <value>0x7ead</value>
         <object_component_ref idref="oc-1d8"/>
      </symbol>
      <symbol id="sm-30e">
         <name>__aeabi_ctype_table_</name>
         <value>0x8550</value>
         <object_component_ref idref="oc-1f5"/>
      </symbol>
      <symbol id="sm-30f">
         <name>__aeabi_ctype_table_C</name>
         <value>0x8550</value>
         <object_component_ref idref="oc-1f5"/>
      </symbol>
      <symbol id="sm-31a">
         <name>HOSTexit</name>
         <value>0x7f53</value>
         <object_component_ref idref="oc-187"/>
      </symbol>
      <symbol id="sm-31b">
         <name>C$$EXIT</name>
         <value>0x7f52</value>
         <object_component_ref idref="oc-187"/>
      </symbol>
      <symbol id="sm-330">
         <name>__aeabi_fadd</name>
         <value>0x69c3</value>
         <object_component_ref idref="oc-b8"/>
      </symbol>
      <symbol id="sm-331">
         <name>__addsf3</name>
         <value>0x69c3</value>
         <object_component_ref idref="oc-b8"/>
      </symbol>
      <symbol id="sm-332">
         <name>__aeabi_fsub</name>
         <value>0x69b9</value>
         <object_component_ref idref="oc-b8"/>
      </symbol>
      <symbol id="sm-333">
         <name>__subsf3</name>
         <value>0x69b9</value>
         <object_component_ref idref="oc-b8"/>
      </symbol>
      <symbol id="sm-339">
         <name>__aeabi_dadd</name>
         <value>0x5c9b</value>
         <object_component_ref idref="oc-22f"/>
      </symbol>
      <symbol id="sm-33a">
         <name>__adddf3</name>
         <value>0x5c9b</value>
         <object_component_ref idref="oc-22f"/>
      </symbol>
      <symbol id="sm-33b">
         <name>__aeabi_dsub</name>
         <value>0x5c91</value>
         <object_component_ref idref="oc-22f"/>
      </symbol>
      <symbol id="sm-33c">
         <name>__subdf3</name>
         <value>0x5c91</value>
         <object_component_ref idref="oc-22f"/>
      </symbol>
      <symbol id="sm-345">
         <name>__aeabi_dmul</name>
         <value>0x6725</value>
         <object_component_ref idref="oc-21b"/>
      </symbol>
      <symbol id="sm-346">
         <name>__muldf3</name>
         <value>0x6725</value>
         <object_component_ref idref="oc-21b"/>
      </symbol>
      <symbol id="sm-34c">
         <name>__muldsi3</name>
         <value>0x7a5d</value>
         <object_component_ref idref="oc-12a"/>
      </symbol>
      <symbol id="sm-352">
         <name>__aeabi_fmul</name>
         <value>0x6dcd</value>
         <object_component_ref idref="oc-92"/>
      </symbol>
      <symbol id="sm-353">
         <name>__mulsf3</name>
         <value>0x6dcd</value>
         <object_component_ref idref="oc-92"/>
      </symbol>
      <symbol id="sm-359">
         <name>__aeabi_fdiv</name>
         <value>0x6f65</value>
         <object_component_ref idref="oc-9e"/>
      </symbol>
      <symbol id="sm-35a">
         <name>__divsf3</name>
         <value>0x6f65</value>
         <object_component_ref idref="oc-9e"/>
      </symbol>
      <symbol id="sm-360">
         <name>__aeabi_ddiv</name>
         <value>0x630d</value>
         <object_component_ref idref="oc-22b"/>
      </symbol>
      <symbol id="sm-361">
         <name>__divdf3</name>
         <value>0x630d</value>
         <object_component_ref idref="oc-22b"/>
      </symbol>
      <symbol id="sm-367">
         <name>__aeabi_f2d</name>
         <value>0x78b1</value>
         <object_component_ref idref="oc-101"/>
      </symbol>
      <symbol id="sm-368">
         <name>__extendsfdf2</name>
         <value>0x78b1</value>
         <object_component_ref idref="oc-101"/>
      </symbol>
      <symbol id="sm-36e">
         <name>__aeabi_d2iz</name>
         <value>0x779d</value>
         <object_component_ref idref="oc-20e"/>
      </symbol>
      <symbol id="sm-36f">
         <name>__fixdfsi</name>
         <value>0x779d</value>
         <object_component_ref idref="oc-20e"/>
      </symbol>
      <symbol id="sm-375">
         <name>__aeabi_f2iz</name>
         <value>0x7ad1</value>
         <object_component_ref idref="oc-cc"/>
      </symbol>
      <symbol id="sm-376">
         <name>__fixsfsi</name>
         <value>0x7ad1</value>
         <object_component_ref idref="oc-cc"/>
      </symbol>
      <symbol id="sm-37c">
         <name>__aeabi_i2d</name>
         <value>0x7c29</value>
         <object_component_ref idref="oc-216"/>
      </symbol>
      <symbol id="sm-37d">
         <name>__floatsidf</name>
         <value>0x7c29</value>
         <object_component_ref idref="oc-216"/>
      </symbol>
      <symbol id="sm-383">
         <name>__aeabi_i2f</name>
         <value>0x796d</value>
         <object_component_ref idref="oc-8e"/>
      </symbol>
      <symbol id="sm-384">
         <name>__floatsisf</name>
         <value>0x796d</value>
         <object_component_ref idref="oc-8e"/>
      </symbol>
      <symbol id="sm-38a">
         <name>__aeabi_ui2f</name>
         <value>0x7c55</value>
         <object_component_ref idref="oc-9a"/>
      </symbol>
      <symbol id="sm-38b">
         <name>__floatunsisf</name>
         <value>0x7c55</value>
         <object_component_ref idref="oc-9a"/>
      </symbol>
      <symbol id="sm-391">
         <name>__aeabi_lmul</name>
         <value>0x7ccd</value>
         <object_component_ref idref="oc-1e1"/>
      </symbol>
      <symbol id="sm-392">
         <name>__muldi3</name>
         <value>0x7ccd</value>
         <object_component_ref idref="oc-1e1"/>
      </symbol>
      <symbol id="sm-398">
         <name>__aeabi_dcmpeq</name>
         <value>0x734d</value>
         <object_component_ref idref="oc-1eb"/>
      </symbol>
      <symbol id="sm-399">
         <name>__aeabi_dcmplt</name>
         <value>0x7361</value>
         <object_component_ref idref="oc-1eb"/>
      </symbol>
      <symbol id="sm-39a">
         <name>__aeabi_dcmple</name>
         <value>0x7375</value>
         <object_component_ref idref="oc-1eb"/>
      </symbol>
      <symbol id="sm-39b">
         <name>__aeabi_dcmpge</name>
         <value>0x7389</value>
         <object_component_ref idref="oc-1eb"/>
      </symbol>
      <symbol id="sm-39c">
         <name>__aeabi_dcmpgt</name>
         <value>0x739d</value>
         <object_component_ref idref="oc-1eb"/>
      </symbol>
      <symbol id="sm-3a2">
         <name>__aeabi_fcmpeq</name>
         <value>0x73b1</value>
         <object_component_ref idref="oc-c8"/>
      </symbol>
      <symbol id="sm-3a3">
         <name>__aeabi_fcmplt</name>
         <value>0x73c5</value>
         <object_component_ref idref="oc-c8"/>
      </symbol>
      <symbol id="sm-3a4">
         <name>__aeabi_fcmple</name>
         <value>0x73d9</value>
         <object_component_ref idref="oc-c8"/>
      </symbol>
      <symbol id="sm-3a5">
         <name>__aeabi_fcmpge</name>
         <value>0x73ed</value>
         <object_component_ref idref="oc-c8"/>
      </symbol>
      <symbol id="sm-3a6">
         <name>__aeabi_fcmpgt</name>
         <value>0x7401</value>
         <object_component_ref idref="oc-c8"/>
      </symbol>
      <symbol id="sm-3ac">
         <name>__aeabi_idiv</name>
         <value>0x769d</value>
         <object_component_ref idref="oc-242"/>
      </symbol>
      <symbol id="sm-3ad">
         <name>__aeabi_idivmod</name>
         <value>0x769d</value>
         <object_component_ref idref="oc-242"/>
      </symbol>
      <symbol id="sm-3b3">
         <name>__aeabi_memcpy</name>
         <value>0x7f45</value>
         <object_component_ref idref="oc-4f"/>
      </symbol>
      <symbol id="sm-3b4">
         <name>__aeabi_memcpy4</name>
         <value>0x7f45</value>
         <object_component_ref idref="oc-4f"/>
      </symbol>
      <symbol id="sm-3b5">
         <name>__aeabi_memcpy8</name>
         <value>0x7f45</value>
         <object_component_ref idref="oc-4f"/>
      </symbol>
      <symbol id="sm-3be">
         <name>__aeabi_memset</name>
         <value>0x7ecd</value>
         <object_component_ref idref="oc-1cc"/>
      </symbol>
      <symbol id="sm-3bf">
         <name>__aeabi_memset4</name>
         <value>0x7ecd</value>
         <object_component_ref idref="oc-1cc"/>
      </symbol>
      <symbol id="sm-3c0">
         <name>__aeabi_memset8</name>
         <value>0x7ecd</value>
         <object_component_ref idref="oc-1cc"/>
      </symbol>
      <symbol id="sm-3c1">
         <name>__aeabi_memclr</name>
         <value>0x7ef9</value>
         <object_component_ref idref="oc-7a"/>
      </symbol>
      <symbol id="sm-3c2">
         <name>__aeabi_memclr4</name>
         <value>0x7ef9</value>
         <object_component_ref idref="oc-7a"/>
      </symbol>
      <symbol id="sm-3c3">
         <name>__aeabi_memclr8</name>
         <value>0x7ef9</value>
         <object_component_ref idref="oc-7a"/>
      </symbol>
      <symbol id="sm-3c9">
         <name>__aeabi_uidiv</name>
         <value>0x7871</value>
         <object_component_ref idref="oc-96"/>
      </symbol>
      <symbol id="sm-3ca">
         <name>__aeabi_uidivmod</name>
         <value>0x7871</value>
         <object_component_ref idref="oc-96"/>
      </symbol>
      <symbol id="sm-3d0">
         <name>__aeabi_uldivmod</name>
         <value>0x7e31</value>
         <object_component_ref idref="oc-1e6"/>
      </symbol>
      <symbol id="sm-3d9">
         <name>__eqsf2</name>
         <value>0x7a21</value>
         <object_component_ref idref="oc-13d"/>
      </symbol>
      <symbol id="sm-3da">
         <name>__lesf2</name>
         <value>0x7a21</value>
         <object_component_ref idref="oc-13d"/>
      </symbol>
      <symbol id="sm-3db">
         <name>__ltsf2</name>
         <value>0x7a21</value>
         <object_component_ref idref="oc-13d"/>
      </symbol>
      <symbol id="sm-3dc">
         <name>__nesf2</name>
         <value>0x7a21</value>
         <object_component_ref idref="oc-13d"/>
      </symbol>
      <symbol id="sm-3dd">
         <name>__cmpsf2</name>
         <value>0x7a21</value>
         <object_component_ref idref="oc-13d"/>
      </symbol>
      <symbol id="sm-3de">
         <name>__gtsf2</name>
         <value>0x79a9</value>
         <object_component_ref idref="oc-142"/>
      </symbol>
      <symbol id="sm-3df">
         <name>__gesf2</name>
         <value>0x79a9</value>
         <object_component_ref idref="oc-142"/>
      </symbol>
      <symbol id="sm-3e5">
         <name>__udivmoddi4</name>
         <value>0x6c05</value>
         <object_component_ref idref="oc-201"/>
      </symbol>
      <symbol id="sm-3eb">
         <name>__aeabi_llsl</name>
         <value>0x7d75</value>
         <object_component_ref idref="oc-236"/>
      </symbol>
      <symbol id="sm-3ec">
         <name>__ashldi3</name>
         <value>0x7d75</value>
         <object_component_ref idref="oc-236"/>
      </symbol>
      <symbol id="sm-3fa">
         <name>__ledf2</name>
         <value>0x71b5</value>
         <object_component_ref idref="oc-223"/>
      </symbol>
      <symbol id="sm-3fb">
         <name>__gedf2</name>
         <value>0x7065</value>
         <object_component_ref idref="oc-229"/>
      </symbol>
      <symbol id="sm-3fc">
         <name>__cmpdf2</name>
         <value>0x71b5</value>
         <object_component_ref idref="oc-223"/>
      </symbol>
      <symbol id="sm-3fd">
         <name>__eqdf2</name>
         <value>0x71b5</value>
         <object_component_ref idref="oc-223"/>
      </symbol>
      <symbol id="sm-3fe">
         <name>__ltdf2</name>
         <value>0x71b5</value>
         <object_component_ref idref="oc-223"/>
      </symbol>
      <symbol id="sm-3ff">
         <name>__nedf2</name>
         <value>0x71b5</value>
         <object_component_ref idref="oc-223"/>
      </symbol>
      <symbol id="sm-400">
         <name>__gtdf2</name>
         <value>0x7065</value>
         <object_component_ref idref="oc-229"/>
      </symbol>
      <symbol id="sm-40c">
         <name>__aeabi_idiv0</name>
         <value>0x6fe7</value>
         <object_component_ref idref="oc-12f"/>
      </symbol>
      <symbol id="sm-40d">
         <name>__aeabi_ldiv0</name>
         <value>0x7283</value>
         <object_component_ref idref="oc-235"/>
      </symbol>
      <symbol id="sm-427">
         <name>memcpy</name>
         <value>0x6ca7</value>
         <object_component_ref idref="oc-e6"/>
      </symbol>
      <symbol id="sm-436">
         <name>memset</name>
         <value>0x7413</value>
         <object_component_ref idref="oc-153"/>
      </symbol>
      <symbol id="sm-437">
         <name>__TI_static_base__</name>
         <value>0x0</value>
      </symbol>
      <symbol id="sm-43b">
         <name>__mpu_init</name>
         <value>0x0</value>
      </symbol>
      <symbol id="sm-43c">
         <name>_system_post_cinit</name>
         <value>0x0</value>
      </symbol>
   </symbol_table>
   <title>Link successful</title>
</link_info>
