******************************************************************************
            TI ARM Clang Linker PC v4.0.4                      
******************************************************************************
>> Linked Fri Jul 24 20:51:29 2026

OUTPUT FILE NAME:   <DIANSAI_26.out>
ENTRY POINT SYMBOL: "_c_int00_noargs"  address: 00007c7d


MEMORY CONFIGURATION

         name            origin    length      used     unused   attr    fill
----------------------  --------  ---------  --------  --------  ----  --------
  FLASH                 00000000   00020000  00008708  000178f8  R  X
  SRAM                  20200000   00008000  00000870  00007790  RW X
  BCR_CONFIG            41c00000   000000ff  00000000  000000ff  R   
  BSL_CONFIG            41c00100   00000080  00000000  00000080  R   


SEGMENT ALLOCATION MAP

run origin  load origin   length   init length attrs members
----------  ----------- ---------- ----------- ----- -------
00000000    00000000    00008708   00008708    r-x
  00000000    00000000    000000c0   000000c0    r-- .intvecs
  000000c0    000000c0    00007ea0   00007ea0    r-x .text
  00007f60    00007f60    00000770   00000770    r-- .rodata
  000086d0    000086d0    00000038   00000038    r-- .cinit
20200000    20200000    00000670   00000000    rw-
  20200000    20200000    000005cc   00000000    rw- .bss
  202005cc    202005cc    000000a4   00000000    rw- .data
20207e00    20207e00    00000200   00000000    rw-
  20207e00    20207e00    00000200   00000000    rw- .stack


SECTION ALLOCATION MAP

 output                                  attributes/
section   page    origin      length       input sections
--------  ----  ----------  ----------   ----------------
.intvecs   0    00000000    000000c0     
                  00000000    000000c0     startup_mspm0g350x_ticlang.o (.intvecs)

.text      0    000000c0    00007ea0     
                  000000c0    00003698     oled.o (.text.OLED_Init)
                  00003758    00000a90     oled.o (.text.OLED_Clear)
                  000041e8    000009d0     libc.a : _printfi.c.obj (.text:__TI_printfi)
                  00004bb8    00000614     oled.o (.text.OLED_Refresh)
                  000051cc    00000388     imu601.o (.text.IMU601_handle_byte)
                  00005554    00000340     oled.o (.text.OLED_ShowLineString)
                  00005894    00000220     libc.a : _printfi.c.obj (.text._pconv_a)
                  00005ab4    000001dc            : _printfi.c.obj (.text._pconv_g)
                  00005c90    00000192     libclang_rt.builtins.a : adddf3.S.obj (.text.adddf3_subdf3)
                  00005e22    00000002     startup_mspm0g350x_ticlang.o (.text.Default_Handler)
                  00005e24    00000180     sensor.o (.text.Sensor_Get_Error)
                  00005fa4    0000013c     libc.a : _printfi.c.obj (.text.fcvt)
                  000060e0    00000120            : _printfi.c.obj (.text._pconv_e)
                  00006200    0000010c     line_follow.o (.text.LineTrack_Loop_10ms)
                  0000630c    0000010c     libclang_rt.builtins.a : divdf3.S.obj (.text.__divdf3)
                  00006418    0000010c     empty.o (.text.main)
                  00006524    00000104     driverlib.a : dl_timer.o (.text.DL_Timer_initFourCCPWMMode)
                  00006628    000000fc                 : dl_timer.o (.text.DL_Timer_initTimerMode)
                  00006724    000000e4     libclang_rt.builtins.a : muldf3.S.obj (.text.__muldf3)
                  00006808    000000d8     ti_msp_dl_config.o (.text.SYSCFG_DL_GPIO_init)
                  000068e0    000000d8     libc.a : s_scalbn.c.obj (.text.scalbn)
                  000069b8    000000d8     libclang_rt.builtins.a : addsf3.S.obj (.text)
                  00006a90    000000bc     pid.o (.text.PID_Calc_Positional)
                  00006b4c    000000b8     line_follow.o (.text.LineTrack_Init)
                  00006c04    000000a2     libclang_rt.builtins.a : udivmoddi4.S.obj (.text)
                  00006ca6    0000009a     libc.a : memcpy16.S.obj (.text:memcpy)
                  00006d40    0000008c     ti_msp_dl_config.o (.text.SYSCFG_DL_PWM_MOTOR_init)
                  00006dcc    0000008c     libclang_rt.builtins.a : mulsf3.S.obj (.text.__mulsf3)
                  00006e58    00000088     encoder.o (.text.GROUP1_IRQHandler)
                  00006ee0    00000084     uart.o (.text.UART_send_buffer)
                  00006f64    00000082     libclang_rt.builtins.a : divsf3.S.obj (.text.__divsf3)
                  00006fe6    00000002                            : aeabi_div0.c.obj (.text.__aeabi_idiv0)
                  00006fe8    0000007c     libc.a : copy_decompress_lzss.c.obj (.text:decompress:lzss)
                  00007064    00000074     libclang_rt.builtins.a : comparedf2.c.obj (.text.__gedf2)
                  000070d8    00000070     ti_msp_dl_config.o (.text.SYSCFG_DL_IMU601_init)
                  00007148    0000006c     imu601.o (.text.IMU601_poll)
                  000071b4    00000068     libclang_rt.builtins.a : comparedf2.c.obj (.text.__ledf2)
                  0000721c    00000066     libc.a : _printfi.c.obj (.text._mcpy)
                  00007282    00000002     libclang_rt.builtins.a : aeabi_div0.c.obj (.text.__aeabi_ldiv0)
                  00007284    00000064     imu601.o (.text.IMU601_init)
                  000072e8    00000064     line_follow.o (.text.LineTrack_Start)
                  0000734c    00000062     libclang_rt.builtins.a : aeabi_dcmp.S.obj (.text.__aeabi_dcmp)
                  000073ae    00000002     --HOLE-- [fill = 0]
                  000073b0    00000062                            : aeabi_fcmp.S.obj (.text.__aeabi_fcmp)
                  00007412    00000062     libc.a : memset16.S.obj (.text:memset)
                  00007474    00000060     ti_msp_dl_config.o (.text.SYSCFG_DL_OLED_init)
                  000074d4    0000005e     driverlib.a : dl_i2c.o (.text.DL_I2C_fillControllerTXFIFO)
                  00007532    00000002     --HOLE-- [fill = 0]
                  00007534    0000005c     encoder.o (.text.Encoder_UpdateData_10ms)
                  00007590    0000005c     libc.a : s_frexp.c.obj (.text.frexp)
                  000075ec    00000058            : _ltoa.c.obj (.text.__TI_ltoa)
                  00007644    00000058            : _printfi.c.obj (.text._pconv_f)
                  0000769c    00000056     libclang_rt.builtins.a : aeabi_idivmod.S.obj (.text.__aeabi_idivmod)
                  000076f2    00000002     --HOLE-- [fill = 0]
                  000076f4    00000054     ti_msp_dl_config.o (.text.SYSCFG_DL_initPower)
                  00007748    00000052     libc.a : _printfi.c.obj (.text._ecpy)
                  0000779a    00000002     --HOLE-- [fill = 0]
                  0000779c    0000004a     libclang_rt.builtins.a : fixdfsi.S.obj (.text.__fixdfsi)
                  000077e6    00000002     --HOLE-- [fill = 0]
                  000077e8    00000048     driverlib.a : dl_uart.o (.text.DL_UART_init)
                  00007830    00000040     motor.o (.text.Set_Motor_Speed_Right)
                  00007870    00000040     libclang_rt.builtins.a : aeabi_uidivmod.S.obj (.text.__aeabi_uidivmod)
                  000078b0    00000040                            : extendsfdf2.S.obj (.text.__extendsfdf2)
                  000078f0    00000040     libc.a : atoi.c.obj (.text.atoi)
                  00007930    0000003c     motor.o (.text.Set_Motor_Speed_Left)
                  0000796c    0000003c     libclang_rt.builtins.a : floatsisf.S.obj (.text.__floatsisf)
                  000079a8    0000003c                            : comparesf2.S.obj (.text.__gtsf2)
                  000079e4    0000003c     libc.a : autoinit.c.obj (.text:__TI_auto_init_nobinit_nopinit)
                  00007a20    0000003a     libclang_rt.builtins.a : comparesf2.S.obj (.text.__eqsf2)
                  00007a5a    00000002     --HOLE-- [fill = 0]
                  00007a5c    0000003a                            : muldsi3.S.obj (.text.__muldsi3)
                  00007a96    00000002     --HOLE-- [fill = 0]
                  00007a98    00000038     ti_msp_dl_config.o (.text.SYSCFG_DL_TIMER_0_init)
                  00007ad0    00000038     libclang_rt.builtins.a : fixsfsi.S.obj (.text.__fixsfsi)
                  00007b08    00000038     libc.a : sprintf.c.obj (.text.sprintf)
                  00007b40    00000030     driverlib.a : dl_uart.o (.text.DL_UART_transmitDataBlocking)
                  00007b70    00000030     ti_msp_dl_config.o (.text.SYSCFG_DL_SYSCTL_init)
                  00007ba0    00000030     libc.a : _printfi.c.obj (.text._fcpy)
                  00007bd0    0000002c     encoder.o (.text.Encoder_Clear)
                  00007bfc    0000002c     ti_msp_dl_config.o (.text.SYSCFG_DL_init)
                  00007c28    0000002c     libclang_rt.builtins.a : floatsidf.S.obj (.text.__floatsidf)
                  00007c54    00000028                            : floatunsisf.S.obj (.text.__floatunsisf)
                  00007c7c    00000028     libc.a : boot_cortex_m.c.obj (.text:_c_int00_noargs)
                  00007ca4    00000026     driverlib.a : dl_i2c.o (.text.DL_I2C_setClockConfig)
                  00007cca    00000002     --HOLE-- [fill = 0]
                  00007ccc    00000024     libclang_rt.builtins.a : muldi3.S.obj (.text.__muldi3)
                  00007cf0    00000022     libc.a : memccpy.c.obj (.text.memccpy)
                  00007d12    00000002     --HOLE-- [fill = 0]
                  00007d14    00000020     encoder.o (.text.Encoder_Init)
                  00007d34    00000020     pid.o (.text.PID_Init)
                  00007d54    00000020     imu601.o (.text.UART0_IRQHandler)
                  00007d74    0000001e     libclang_rt.builtins.a : ashldi3.S.obj (.text.__ashldi3)
                  00007d92    00000002     --HOLE-- [fill = 0]
                  00007d94    0000001c     driverlib.a : dl_timer.o (.text.DL_Timer_setCaptCompUpdateMethod)
                  00007db0    0000001c                 : dl_timer.o (.text.DL_Timer_setClockConfig)
                  00007dcc    0000001c                 : dl_uart.o (.text.DL_UART_receiveDataCheck)
                  00007de8    00000018                 : dl_timer.o (.text.DL_Timer_setCaptureCompareOutCtl)
                  00007e00    00000018     empty.o (.text.TIMA0_IRQHandler)
                  00007e18    00000018     libc.a : sprintf.c.obj (.text._outs)
                  00007e30    00000014     libclang_rt.builtins.a : aeabi_uldivmod.S.obj (.text.__aeabi_uldivmod)
                  00007e44    00000014     libc.a : _printfi.c.obj (.text.strchr)
                  00007e58    00000012     driverlib.a : dl_uart.o (.text.DL_UART_setClockConfig)
                  00007e6a    00000012     libc.a : copy_decompress_none.c.obj (.text:decompress:none)
                  00007e7c    00000010     driverlib.a : dl_timer.o (.text.DL_Timer_setCaptureCompareValue)
                  00007e8c    00000010     motor.o (.text.Motor_Init)
                  00007e9c    00000010     pid.o (.text.PID_Clear)
                  00007eac    00000010     libc.a : wcslen.c.obj (.text.wcslen)
                  00007ebc    00000010            : copy_zero_init.c.obj (.text:decompress:ZI)
                  00007ecc    0000000e     libclang_rt.builtins.a : aeabi_memset.S.obj (.text.__aeabi_memset)
                  00007eda    0000000e     delay.o (.text.delay_ms)
                  00007ee8    0000000e     libc.a : _printfi.c.obj (.text.strlen)
                  00007ef6    00000002     --HOLE-- [fill = 0]
                  00007ef8    0000000c     libclang_rt.builtins.a : aeabi_memset.S.obj (.text.__aeabi_memclr)
                  00007f04    0000000a     driverlib.a : dl_common.o (.text.DL_Common_delayCycles)
                  00007f0e    0000000a     libc.a : _printfi.c.obj (.text.OUTLINED_FUNCTION_0)
                  00007f18    00000010     libclang_rt.builtins.a : adddf3.S.obj (.tramp.__aeabi_dsub.1)
                  00007f28    0000000a     libc.a : _printfi.c.obj (.text.OUTLINED_FUNCTION_1)
                  00007f32    0000000a            : sprintf.c.obj (.text._outc)
                  00007f3c    00000008            : aeabi_portable.c.obj (.text.__aeabi_errno_addr)
                  00007f44    00000008     libclang_rt.builtins.a : aeabi_memcpy.S.obj (.text.__aeabi_memcpy)
                  00007f4c    00000006     libc.a : exit.c.obj (.text:abort)
                  00007f52    00000004     libsysbm.a : hostexit.c.obj (.text.HOSTexit)
                  00007f56    00000004     startup_mspm0g350x_ticlang.o (.text.Reset_Handler)
                  00007f5a    00000004     libc.a : pre_init.c.obj (.text._system_pre_init)
                  00007f5e    00000002     --HOLE-- [fill = 0]

.cinit     0    000086d0    00000038     
                  000086d0    0000000d     (.cinit..data.load) [load image, compression = lzss]
                  000086dd    00000003     --HOLE-- [fill = 0]
                  000086e0    0000000c     (__TI_handler_table)
                  000086ec    00000008     (.cinit..bss.load) [load image, compression = zero_init]
                  000086f4    00000010     (__TI_cinit_table)
                  00008704    00000004     --HOLE-- [fill = 0]

.rodata    0    00007f60    00000770     
                  00007f60    000005f0     oled.o (.rodata.asc2_1608)
                  00008550    00000101     libc.a : aeabi_ctype.S.obj (.rodata:__aeabi_ctype_table_)
                  00008651    00000003     ti_msp_dl_config.o (.rodata.gPWM_MOTORClockConfig)
                  00008654    00000014     ti_msp_dl_config.o (.rodata.gTIMER_0TimerConfig)
                  00008668    00000011     libc.a : _printfi.c.obj (.rodata.str1.10348868589481759720.1)
                  00008679    00000011            : _printfi.c.obj (.rodata.str1.15363888844622738466.1)
                  0000868a    0000000c     empty.o (.rodata.str1.14685083708502177989.1)
                  00008696    0000000b     empty.o (.rodata.str1.17669528882079347314.1)
                  000086a1    00000001     empty.o (.rodata.str1.11898133897667081452.1)
                  000086a2    0000000a     ti_msp_dl_config.o (.rodata.gIMU601Config)
                  000086ac    0000000a     empty.o (.rodata.str1.254342170260855183.1)
                  000086b6    00000002     ti_msp_dl_config.o (.rodata.gIMU601ClockConfig)
                  000086b8    00000008     ti_msp_dl_config.o (.rodata.gPWM_MOTORConfig)
                  000086c0    00000008     empty.o (.rodata.str1.9517790425240694019.1)
                  000086c8    00000003     ti_msp_dl_config.o (.rodata.gTIMER_0ClockConfig)
                  000086cb    00000002     ti_msp_dl_config.o (.rodata.gOLEDClockConfig)
                  000086cd    00000003     --HOLE-- [fill = 0]

.init_array 
*          0    00000000    00000000     UNINITIALIZED

.binit     0    00000000    00000000     

.bss       0    20200000    000005cc     UNINITIALIZED
                  20200000    00000480     (.common:OLED_GRAM)
                  20200480    000000bc     (.common:gTIMER_0Backup)
                  2020053c    00000030     (.common:pid_line)
                  2020056c    00000030     (.common:pid_speed_L)
                  2020059c    00000030     (.common:pid_speed_R)

.data      0    202005cc    000000a4     UNINITIALIZED
                  202005cc    00000020     imu601.o (.data.RX_buffer)
                  202005ec    00000010     encoder.o (.data.g_Encoder)
                  202005fc    0000000c     imu601.o (.data.current_attitude)
                  20200608    0000000b     imu601.o (.data.WIT_buffer)
                  20200613    00000001     imu601.o (.data.RX_expected_len)
                  20200614    00000004     sensor.o (.data.Sensor_Get_Error.last_valid_error)
                  20200618    00000004     libc.a : aeabi_portable.c.obj (.data.__aeabi_errno)
                  2020061c    00000004     line_follow.o (.data.filtered_L)
                  20200620    00000004     line_follow.o (.data.filtered_R)
                  20200624    00000004     imu601.o (.data.imu601_55_count)
                  20200628    00000004     imu601.o (.data.imu601_55aa_pair_count)
                  2020062c    00000004     imu601.o (.data.imu601_aa55_pair_count)
                  20200630    00000004     imu601.o (.data.imu601_aa_count)
                  20200634    00000004     imu601.o (.data.imu601_checksum_error_count)
                  20200638    00000004     imu601.o (.data.imu601_header_count)
                  2020063c    00000004     imu601.o (.data.imu601_last4)
                  20200640    00000004     imu601.o (.data.imu601_newline_count)
                  20200644    00000004     imu601.o (.data.imu601_printable_count)
                  20200648    00000004     imu601.o (.data.imu601_rx_count)
                  2020064c    00000004     imu601.o (.data.imu601_valid_count)
                  20200650    00000004     imu601.o (.data.imu601_wit_checksum_error_count)
                  20200654    00000004     imu601.o (.data.imu601_wit_header_count)
                  20200658    00000004     imu601.o (.data.imu601_wit_valid_count)
                  2020065c    00000004     encoder.o (.data.left_pulse_count)
                  20200660    00000004     line_follow.o (.data.line_base_speed)
                  20200664    00000004     line_follow.o (.data.line_error)
                  20200668    00000004     encoder.o (.data.right_pulse_count)
                  2020066c    00000001     imu601.o (.data.RX_index)
                  2020066d    00000001     imu601.o (.data.WIT_index)
                  2020066e    00000001     imu601.o (.data.imu601_last_byte)
                  2020066f    00000001     line_follow.o (.data.line_track_running)

.stack     0    20207e00    00000200     UNINITIALIZED
                  20207e00    00000004     libc.a : boot_cortex_m.c.obj (.stack)
                  20207e04    000001fc     --HOLE--

__llvm_prf_cnts 
*          0    20200000    00000000     UNINITIALIZED

__llvm_prf_bits 
*          0    20200000    00000000     UNINITIALIZED

MODULE SUMMARY

       Module                         code    ro data   rw data
       ------                         ----    -------   -------
    .\
       oled.o                         19068   1520      1152   
       imu601.o                       1144    0         115    
       ti_msp_dl_config.o             796     48        188    
       line_follow.o                  552     0         161    
       sensor.o                       384     0         4      
       empty.o                        292     42        0      
       encoder.o                      304     0         24     
       pid.o                          236     0         0      
       startup_mspm0g350x_ticlang.o   6       192       0      
       motor.o                        140     0         0      
       uart.o                         132     0         0      
       delay.o                        14      0         0      
    +--+------------------------------+-------+---------+---------+
       Total:                         23068   1802      1644   
                                                               
    D:/TMX_ENVSET/mspm0_sdk_2_11_00_07/source/ti/driverlib/lib/ticlang/m0p/mspm0g1x0x_g3x0x/driverlib.a
       dl_timer.o                     608     0         0      
       dl_uart.o                      166     0         0      
       dl_i2c.o                       132     0         0      
       dl_common.o                    10      0         0      
    +--+------------------------------+-------+---------+---------+
       Total:                         916     0         0      
                                                               
    D:\TMX_ENVSET\ccs\tools\compiler\ti-cgt-armllvm_4.0.4.LTS\lib\armv6m-ti-none-eabi/c/libc.a
       _printfi.c.obj                 4510    34        0      
       aeabi_ctype.S.obj              0       257       0      
       s_scalbn.c.obj                 216     0         0      
       memcpy16.S.obj                 154     0         0      
       copy_decompress_lzss.c.obj     124     0         0      
       memset16.S.obj                 98      0         0      
       s_frexp.c.obj                  92      0         0      
       sprintf.c.obj                  90      0         0      
       _ltoa.c.obj                    88      0         0      
       atoi.c.obj                     64      0         0      
       autoinit.c.obj                 60      0         0      
       boot_cortex_m.c.obj            40      0         0      
       memccpy.c.obj                  34      0         0      
       copy_decompress_none.c.obj     18      0         0      
       copy_zero_init.c.obj           16      0         0      
       wcslen.c.obj                   16      0         0      
       aeabi_portable.c.obj           8       0         4      
       exit.c.obj                     6       0         0      
       pre_init.c.obj                 4       0         0      
    +--+------------------------------+-------+---------+---------+
       Total:                         5638    291       4      
                                                               
    D:\TMX_ENVSET\ccs\tools\compiler\ti-cgt-armllvm_4.0.4.LTS\lib\armv6m-ti-none-eabi/c/libsysbm.a
       hostexit.c.obj                 4       0         0      
    +--+------------------------------+-------+---------+---------+
       Total:                         4       0         0      
                                                               
    D:\TMX_ENVSET\ccs\tools\compiler\ti-cgt-armllvm_4.0.4.LTS\lib\armv6m-ti-none-eabi/libclang_rt.builtins.a
       adddf3.S.obj                   418     0         0      
       divdf3.S.obj                   268     0         0      
       muldf3.S.obj                   228     0         0      
       comparedf2.c.obj               220     0         0      
       addsf3.S.obj                   216     0         0      
       udivmoddi4.S.obj               162     0         0      
       mulsf3.S.obj                   140     0         0      
       divsf3.S.obj                   130     0         0      
       comparesf2.S.obj               118     0         0      
       aeabi_dcmp.S.obj               98      0         0      
       aeabi_fcmp.S.obj               98      0         0      
       aeabi_idivmod.S.obj            86      0         0      
       fixdfsi.S.obj                  74      0         0      
       aeabi_uidivmod.S.obj           64      0         0      
       extendsfdf2.S.obj              64      0         0      
       floatsisf.S.obj                60      0         0      
       muldsi3.S.obj                  58      0         0      
       fixsfsi.S.obj                  56      0         0      
       floatsidf.S.obj                44      0         0      
       floatunsisf.S.obj              40      0         0      
       muldi3.S.obj                   36      0         0      
       ashldi3.S.obj                  30      0         0      
       aeabi_memset.S.obj             26      0         0      
       aeabi_uldivmod.S.obj           20      0         0      
       aeabi_memcpy.S.obj             8       0         0      
       aeabi_div0.c.obj               4       0         0      
    +--+------------------------------+-------+---------+---------+
       Total:                         2766    0         0      
                                                               
       Stack:                         0       0         512    
       Linker Generated:              0       49        0      
    +--+------------------------------+-------+---------+---------+
       Grand Total:                   32392   2142      2160   


LINKER GENERATED COPY TABLES

__TI_cinit_table @ 000086f4 records: 2, size/record: 8, table size: 16
	.data: load addr=000086d0, load size=0000000d bytes, run addr=202005cc, run size=000000a4 bytes, compression=lzss
	.bss: load addr=000086ec, load size=00000008 bytes, run addr=20200000, run size=000005cc bytes, compression=zero_init


LINKER GENERATED HANDLER TABLE

__TI_handler_table @ 000086e0 records: 3, size/record: 4, table size: 12
	index: 0, handler: __TI_decompress_lzss
	index: 1, handler: __TI_decompress_none
	index: 2, handler: __TI_zero_init


FAR CALL TRAMPOLINES

callee name               trampoline name
   callee addr  tramp addr   call addr  call info
--------------  -----------  ---------  ----------------
__aeabi_dsub              $Tramp$TT$L$PI$$__aeabi_dsub
   00005c91     00007f18     00007f16   libc.a : _printfi.c.obj (.text.OUTLINED_FUNCTION_0)

[1 trampolines]
[1 trampoline calls]


GLOBAL SYMBOLS: SORTED ALPHABETICALLY BY Name 

address   name                            
-------   ----                            
00005e23  ADC0_IRQHandler                 
00005e23  ADC1_IRQHandler                 
00005e23  AES_IRQHandler                  
00007f52  C$$EXIT                         
00005e23  CANFD0_IRQHandler               
00005e23  DAC0_IRQHandler                 
00007f05  DL_Common_delayCycles           
000074d5  DL_I2C_fillControllerTXFIFO     
00007ca5  DL_I2C_setClockConfig           
00006525  DL_Timer_initFourCCPWMMode      
00006629  DL_Timer_initTimerMode          
00007d95  DL_Timer_setCaptCompUpdateMethod
00007de9  DL_Timer_setCaptureCompareOutCtl
00007e7d  DL_Timer_setCaptureCompareValue 
00007db1  DL_Timer_setClockConfig         
000077e9  DL_UART_init                    
00007dcd  DL_UART_receiveDataCheck        
00007e59  DL_UART_setClockConfig          
00007b41  DL_UART_transmitDataBlocking    
00005e23  DMA_IRQHandler                  
00005e23  Default_Handler                 
00007bd1  Encoder_Clear                   
00007d15  Encoder_Init                    
00007535  Encoder_UpdateData_10ms         
00005e23  GROUP0_IRQHandler               
00006e59  GROUP1_IRQHandler               
00007f53  HOSTexit                        
00005e23  HardFault_Handler               
00005e23  I2C0_IRQHandler                 
00005e23  I2C1_IRQHandler                 
00007285  IMU601_init                     
00007149  IMU601_poll                     
00006b4d  LineTrack_Init                  
00006201  LineTrack_Loop_10ms             
000072e9  LineTrack_Start                 
00007e8d  Motor_Init                      
00005e23  NMI_Handler                     
00003759  OLED_Clear                      
20200000  OLED_GRAM                       
000000c1  OLED_Init                       
00004bb9  OLED_Refresh                    
00005555  OLED_ShowLineString             
00006a91  PID_Calc_Positional             
00007e9d  PID_Clear                       
00007d35  PID_Init                        
00005e23  PendSV_Handler                  
00005e23  RTC_IRQHandler                  
00007f57  Reset_Handler                   
00005e23  SPI0_IRQHandler                 
00005e23  SPI1_IRQHandler                 
00005e23  SVC_Handler                     
00006809  SYSCFG_DL_GPIO_init             
000070d9  SYSCFG_DL_IMU601_init           
00007475  SYSCFG_DL_OLED_init             
00006d41  SYSCFG_DL_PWM_MOTOR_init        
00007b71  SYSCFG_DL_SYSCTL_init           
00007a99  SYSCFG_DL_TIMER_0_init          
00007bfd  SYSCFG_DL_init                  
000076f5  SYSCFG_DL_initPower             
00005e25  Sensor_Get_Error                
00007931  Set_Motor_Speed_Left            
00007831  Set_Motor_Speed_Right           
00005e23  SysTick_Handler                 
00007e01  TIMA0_IRQHandler                
00005e23  TIMA1_IRQHandler                
00005e23  TIMG0_IRQHandler                
00005e23  TIMG12_IRQHandler               
00005e23  TIMG6_IRQHandler                
00005e23  TIMG7_IRQHandler                
00005e23  TIMG8_IRQHandler                
00007d55  UART0_IRQHandler                
00005e23  UART1_IRQHandler                
00005e23  UART2_IRQHandler                
00005e23  UART3_IRQHandler                
00006ee1  UART_send_buffer                
20208000  __STACK_END                     
00000200  __STACK_SIZE                    
00000000  __TI_ATRegion0_region_sz        
00000000  __TI_ATRegion0_src_addr         
00000000  __TI_ATRegion0_trg_addr         
00000000  __TI_ATRegion1_region_sz        
00000000  __TI_ATRegion1_src_addr         
00000000  __TI_ATRegion1_trg_addr         
00000000  __TI_ATRegion2_region_sz        
00000000  __TI_ATRegion2_src_addr         
00000000  __TI_ATRegion2_trg_addr         
000086f4  __TI_CINIT_Base                 
00008704  __TI_CINIT_Limit                
00008704  __TI_CINIT_Warm                 
000086e0  __TI_Handler_Table_Base         
000086ec  __TI_Handler_Table_Limit        
000079e5  __TI_auto_init_nobinit_nopinit  
00006fe9  __TI_decompress_lzss            
00007e6b  __TI_decompress_none            
000075ed  __TI_ltoa                       
ffffffff  __TI_pprof_out_hndl             
000041e9  __TI_printfi                    
ffffffff  __TI_prof_data_size             
ffffffff  __TI_prof_data_start            
00000000  __TI_static_base__              
00007ebd  __TI_zero_init                  
00005c9b  __adddf3                        
000069c3  __addsf3                        
00008550  __aeabi_ctype_table_            
00008550  __aeabi_ctype_table_C           
0000779d  __aeabi_d2iz                    
00005c9b  __aeabi_dadd                    
0000734d  __aeabi_dcmpeq                  
00007389  __aeabi_dcmpge                  
0000739d  __aeabi_dcmpgt                  
00007375  __aeabi_dcmple                  
00007361  __aeabi_dcmplt                  
0000630d  __aeabi_ddiv                    
00006725  __aeabi_dmul                    
00005c91  __aeabi_dsub                    
20200618  __aeabi_errno                   
00007f3d  __aeabi_errno_addr              
000078b1  __aeabi_f2d                     
00007ad1  __aeabi_f2iz                    
000069c3  __aeabi_fadd                    
000073b1  __aeabi_fcmpeq                  
000073ed  __aeabi_fcmpge                  
00007401  __aeabi_fcmpgt                  
000073d9  __aeabi_fcmple                  
000073c5  __aeabi_fcmplt                  
00006f65  __aeabi_fdiv                    
00006dcd  __aeabi_fmul                    
000069b9  __aeabi_fsub                    
00007c29  __aeabi_i2d                     
0000796d  __aeabi_i2f                     
0000769d  __aeabi_idiv                    
00006fe7  __aeabi_idiv0                   
0000769d  __aeabi_idivmod                 
00007283  __aeabi_ldiv0                   
00007d75  __aeabi_llsl                    
00007ccd  __aeabi_lmul                    
00007ef9  __aeabi_memclr                  
00007ef9  __aeabi_memclr4                 
00007ef9  __aeabi_memclr8                 
00007f45  __aeabi_memcpy                  
00007f45  __aeabi_memcpy4                 
00007f45  __aeabi_memcpy8                 
00007ecd  __aeabi_memset                  
00007ecd  __aeabi_memset4                 
00007ecd  __aeabi_memset8                 
00007c55  __aeabi_ui2f                    
00007871  __aeabi_uidiv                   
00007871  __aeabi_uidivmod                
00007e31  __aeabi_uldivmod                
00007d75  __ashldi3                       
ffffffff  __binit__                       
000071b5  __cmpdf2                        
00007a21  __cmpsf2                        
0000630d  __divdf3                        
00006f65  __divsf3                        
000071b5  __eqdf2                         
00007a21  __eqsf2                         
000078b1  __extendsfdf2                   
0000779d  __fixdfsi                       
00007ad1  __fixsfsi                       
00007c29  __floatsidf                     
0000796d  __floatsisf                     
00007c55  __floatunsisf                   
00007065  __gedf2                         
000079a9  __gesf2                         
00007065  __gtdf2                         
000079a9  __gtsf2                         
000071b5  __ledf2                         
00007a21  __lesf2                         
000071b5  __ltdf2                         
00007a21  __ltsf2                         
UNDEFED   __mpu_init                      
00006725  __muldf3                        
00007ccd  __muldi3                        
00007a5d  __muldsi3                       
00006dcd  __mulsf3                        
000071b5  __nedf2                         
00007a21  __nesf2                         
20207e00  __stack                         
20200000  __start___llvm_prf_bits         
20200000  __start___llvm_prf_cnts         
20200000  __stop___llvm_prf_bits          
20200000  __stop___llvm_prf_cnts          
00005c91  __subdf3                        
000069b9  __subsf3                        
00006c05  __udivmoddi4                    
00007c7d  _c_int00_noargs                 
UNDEFED   _system_post_cinit              
00007f5b  _system_pre_init                
00007f4d  abort                           
00007f60  asc2_1608                       
000078f1  atoi                            
ffffffff  binit                           
202005fc  current_attitude                
00007edb  delay_ms                        
00007591  frexp                           
00007591  frexpl                          
20200480  gTIMER_0Backup                  
202005ec  g_Encoder                       
20200624  imu601_55_count                 
20200628  imu601_55aa_pair_count          
2020062c  imu601_aa55_pair_count          
20200630  imu601_aa_count                 
20200634  imu601_checksum_error_count     
20200638  imu601_header_count             
2020063c  imu601_last4                    
2020066e  imu601_last_byte                
20200640  imu601_newline_count            
20200644  imu601_printable_count          
20200648  imu601_rx_count                 
2020064c  imu601_valid_count              
20200650  imu601_wit_checksum_error_count 
20200654  imu601_wit_header_count         
20200658  imu601_wit_valid_count          
00000000  interruptVectors                
000068e1  ldexp                           
000068e1  ldexpl                          
00006419  main                            
00007cf1  memccpy                         
00006ca7  memcpy                          
00007413  memset                          
2020053c  pid_line                        
2020056c  pid_speed_L                     
2020059c  pid_speed_R                     
000068e1  scalbn                          
000068e1  scalbnl                         
00007b09  sprintf                         
00007ead  wcslen                          


GLOBAL SYMBOLS: SORTED BY Symbol Address 

address   name                            
-------   ----                            
00000000  __TI_ATRegion0_region_sz        
00000000  __TI_ATRegion0_src_addr         
00000000  __TI_ATRegion0_trg_addr         
00000000  __TI_ATRegion1_region_sz        
00000000  __TI_ATRegion1_src_addr         
00000000  __TI_ATRegion1_trg_addr         
00000000  __TI_ATRegion2_region_sz        
00000000  __TI_ATRegion2_src_addr         
00000000  __TI_ATRegion2_trg_addr         
00000000  __TI_static_base__              
00000000  interruptVectors                
000000c1  OLED_Init                       
00000200  __STACK_SIZE                    
00003759  OLED_Clear                      
000041e9  __TI_printfi                    
00004bb9  OLED_Refresh                    
00005555  OLED_ShowLineString             
00005c91  __aeabi_dsub                    
00005c91  __subdf3                        
00005c9b  __adddf3                        
00005c9b  __aeabi_dadd                    
00005e23  ADC0_IRQHandler                 
00005e23  ADC1_IRQHandler                 
00005e23  AES_IRQHandler                  
00005e23  CANFD0_IRQHandler               
00005e23  DAC0_IRQHandler                 
00005e23  DMA_IRQHandler                  
00005e23  Default_Handler                 
00005e23  GROUP0_IRQHandler               
00005e23  HardFault_Handler               
00005e23  I2C0_IRQHandler                 
00005e23  I2C1_IRQHandler                 
00005e23  NMI_Handler                     
00005e23  PendSV_Handler                  
00005e23  RTC_IRQHandler                  
00005e23  SPI0_IRQHandler                 
00005e23  SPI1_IRQHandler                 
00005e23  SVC_Handler                     
00005e23  SysTick_Handler                 
00005e23  TIMA1_IRQHandler                
00005e23  TIMG0_IRQHandler                
00005e23  TIMG12_IRQHandler               
00005e23  TIMG6_IRQHandler                
00005e23  TIMG7_IRQHandler                
00005e23  TIMG8_IRQHandler                
00005e23  UART1_IRQHandler                
00005e23  UART2_IRQHandler                
00005e23  UART3_IRQHandler                
00005e25  Sensor_Get_Error                
00006201  LineTrack_Loop_10ms             
0000630d  __aeabi_ddiv                    
0000630d  __divdf3                        
00006419  main                            
00006525  DL_Timer_initFourCCPWMMode      
00006629  DL_Timer_initTimerMode          
00006725  __aeabi_dmul                    
00006725  __muldf3                        
00006809  SYSCFG_DL_GPIO_init             
000068e1  ldexp                           
000068e1  ldexpl                          
000068e1  scalbn                          
000068e1  scalbnl                         
000069b9  __aeabi_fsub                    
000069b9  __subsf3                        
000069c3  __addsf3                        
000069c3  __aeabi_fadd                    
00006a91  PID_Calc_Positional             
00006b4d  LineTrack_Init                  
00006c05  __udivmoddi4                    
00006ca7  memcpy                          
00006d41  SYSCFG_DL_PWM_MOTOR_init        
00006dcd  __aeabi_fmul                    
00006dcd  __mulsf3                        
00006e59  GROUP1_IRQHandler               
00006ee1  UART_send_buffer                
00006f65  __aeabi_fdiv                    
00006f65  __divsf3                        
00006fe7  __aeabi_idiv0                   
00006fe9  __TI_decompress_lzss            
00007065  __gedf2                         
00007065  __gtdf2                         
000070d9  SYSCFG_DL_IMU601_init           
00007149  IMU601_poll                     
000071b5  __cmpdf2                        
000071b5  __eqdf2                         
000071b5  __ledf2                         
000071b5  __ltdf2                         
000071b5  __nedf2                         
00007283  __aeabi_ldiv0                   
00007285  IMU601_init                     
000072e9  LineTrack_Start                 
0000734d  __aeabi_dcmpeq                  
00007361  __aeabi_dcmplt                  
00007375  __aeabi_dcmple                  
00007389  __aeabi_dcmpge                  
0000739d  __aeabi_dcmpgt                  
000073b1  __aeabi_fcmpeq                  
000073c5  __aeabi_fcmplt                  
000073d9  __aeabi_fcmple                  
000073ed  __aeabi_fcmpge                  
00007401  __aeabi_fcmpgt                  
00007413  memset                          
00007475  SYSCFG_DL_OLED_init             
000074d5  DL_I2C_fillControllerTXFIFO     
00007535  Encoder_UpdateData_10ms         
00007591  frexp                           
00007591  frexpl                          
000075ed  __TI_ltoa                       
0000769d  __aeabi_idiv                    
0000769d  __aeabi_idivmod                 
000076f5  SYSCFG_DL_initPower             
0000779d  __aeabi_d2iz                    
0000779d  __fixdfsi                       
000077e9  DL_UART_init                    
00007831  Set_Motor_Speed_Right           
00007871  __aeabi_uidiv                   
00007871  __aeabi_uidivmod                
000078b1  __aeabi_f2d                     
000078b1  __extendsfdf2                   
000078f1  atoi                            
00007931  Set_Motor_Speed_Left            
0000796d  __aeabi_i2f                     
0000796d  __floatsisf                     
000079a9  __gesf2                         
000079a9  __gtsf2                         
000079e5  __TI_auto_init_nobinit_nopinit  
00007a21  __cmpsf2                        
00007a21  __eqsf2                         
00007a21  __lesf2                         
00007a21  __ltsf2                         
00007a21  __nesf2                         
00007a5d  __muldsi3                       
00007a99  SYSCFG_DL_TIMER_0_init          
00007ad1  __aeabi_f2iz                    
00007ad1  __fixsfsi                       
00007b09  sprintf                         
00007b41  DL_UART_transmitDataBlocking    
00007b71  SYSCFG_DL_SYSCTL_init           
00007bd1  Encoder_Clear                   
00007bfd  SYSCFG_DL_init                  
00007c29  __aeabi_i2d                     
00007c29  __floatsidf                     
00007c55  __aeabi_ui2f                    
00007c55  __floatunsisf                   
00007c7d  _c_int00_noargs                 
00007ca5  DL_I2C_setClockConfig           
00007ccd  __aeabi_lmul                    
00007ccd  __muldi3                        
00007cf1  memccpy                         
00007d15  Encoder_Init                    
00007d35  PID_Init                        
00007d55  UART0_IRQHandler                
00007d75  __aeabi_llsl                    
00007d75  __ashldi3                       
00007d95  DL_Timer_setCaptCompUpdateMethod
00007db1  DL_Timer_setClockConfig         
00007dcd  DL_UART_receiveDataCheck        
00007de9  DL_Timer_setCaptureCompareOutCtl
00007e01  TIMA0_IRQHandler                
00007e31  __aeabi_uldivmod                
00007e59  DL_UART_setClockConfig          
00007e6b  __TI_decompress_none            
00007e7d  DL_Timer_setCaptureCompareValue 
00007e8d  Motor_Init                      
00007e9d  PID_Clear                       
00007ead  wcslen                          
00007ebd  __TI_zero_init                  
00007ecd  __aeabi_memset                  
00007ecd  __aeabi_memset4                 
00007ecd  __aeabi_memset8                 
00007edb  delay_ms                        
00007ef9  __aeabi_memclr                  
00007ef9  __aeabi_memclr4                 
00007ef9  __aeabi_memclr8                 
00007f05  DL_Common_delayCycles           
00007f3d  __aeabi_errno_addr              
00007f45  __aeabi_memcpy                  
00007f45  __aeabi_memcpy4                 
00007f45  __aeabi_memcpy8                 
00007f4d  abort                           
00007f52  C$$EXIT                         
00007f53  HOSTexit                        
00007f57  Reset_Handler                   
00007f5b  _system_pre_init                
00007f60  asc2_1608                       
00008550  __aeabi_ctype_table_            
00008550  __aeabi_ctype_table_C           
000086e0  __TI_Handler_Table_Base         
000086ec  __TI_Handler_Table_Limit        
000086f4  __TI_CINIT_Base                 
00008704  __TI_CINIT_Limit                
00008704  __TI_CINIT_Warm                 
20200000  OLED_GRAM                       
20200000  __start___llvm_prf_bits         
20200000  __start___llvm_prf_cnts         
20200000  __stop___llvm_prf_bits          
20200000  __stop___llvm_prf_cnts          
20200480  gTIMER_0Backup                  
2020053c  pid_line                        
2020056c  pid_speed_L                     
2020059c  pid_speed_R                     
202005ec  g_Encoder                       
202005fc  current_attitude                
20200618  __aeabi_errno                   
20200624  imu601_55_count                 
20200628  imu601_55aa_pair_count          
2020062c  imu601_aa55_pair_count          
20200630  imu601_aa_count                 
20200634  imu601_checksum_error_count     
20200638  imu601_header_count             
2020063c  imu601_last4                    
20200640  imu601_newline_count            
20200644  imu601_printable_count          
20200648  imu601_rx_count                 
2020064c  imu601_valid_count              
20200650  imu601_wit_checksum_error_count 
20200654  imu601_wit_header_count         
20200658  imu601_wit_valid_count          
2020066e  imu601_last_byte                
20207e00  __stack                         
20208000  __STACK_END                     
ffffffff  __TI_pprof_out_hndl             
ffffffff  __TI_prof_data_size             
ffffffff  __TI_prof_data_start            
ffffffff  __binit__                       
ffffffff  binit                           
UNDEFED   __mpu_init                      
UNDEFED   _system_post_cinit              

[228 symbols]
